<html>
<body>
<pre>
<h1>µVision Build Log</h1>
<h2>Project:</h2>
C:\Users\thien\Desktop\STM32F103C8T6-Tutorial\USART\Project\Keil\USART.uvproj
Project File Date:  10/19/2019

<h2>Output:</h2>
Build target 'USART'
compiling core_cm3.c...
assembling startup_stm32f10x_md.s...
compiling misc.c...
compiling stm32f10x_gpio.c...
compiling stm32f10x_rcc.c...
compiling stm32f10x_usart.c...
compiling main.c...
..\main.c(226): warning:  #177-D: variable "i" was declared but never referenced
        uint8_t ui8l_temp,i;
..\main.c(221): warning:  #177-D: variable "ui8l_temp" was declared but never referenced
        uint8_t k, ui8l_temp;
..\main.c: 2 warnings, 0 errors
compiling stm32f10x_it.c...
compiling system_stm32f10x.c...
compiling Redirect_fput.c...
compiling debug.c...
compiling FIFO.c...
compiling stm32f10x_exti.c...
linking...
Program Size: Code=7024 RO-data=308 RW-data=80 ZI-data=1648  
FromELF: creating hex file...
".\USART.axf" - 0 Error(s), 2 Warning(s).
Load "C:\\Users\\thien\\Desktop\\STM32F103C8T6-Tutorial\\USART\\Project\\Keil\\USART.axf" 
Error: Flash Download failed  -  Target DLL has been cancelled
Load "C:\\Users\\thien\\Desktop\\STM32F103C8T6-Tutorial\\USART\\Project\\Keil\\USART.axf" 
Erase Done.
Programming Done.
Application running ...
</pre>
</body>
</html>
