<html>
<body>
<pre>
<h1>µVision Build Log</h1>
<h2>Project:</h2>
C:\Users\thien\Desktop\STM32F103C8T6-Tutorial\USART\Project\Keil\GPIO.uvproj
Project File Date:  10/19/2019

<h2>Output:</h2>
Build target 'USART'
compiling misc.c...
compiling stm32f10x_gpio.c...
compiling stm32f10x_rcc.c...
compiling stm32f10x_usart.c...
compiling main.c...
..\main.c(226): warning:  #177-D: variable "i" was declared but never referenced
        uint8_t ui8l_temp,i;
..\main.c(221): warning:  #177-D: variable "ui8l_temp" was declared but never referenced
        uint8_t k, ui8l_temp;
..\main.c: 2 warnings, 0 errors
compiling stm32f10x_it.c...
compiling system_stm32f10x.c...
compiling Redirect_fput.c...
compiling debug.c...
compiling FIFO.c...
compiling stm32f10x_exti.c...
linking...
Program Size: Code=7024 RO-data=308 RW-data=80 ZI-data=1648  
FromELF: creating hex file...
".\UASRT.axf" - 0 Error(s), 2 Warning(s).
Load "C:\\Users\\thien\\Desktop\\STM32F103C8T6-Tutorial\\USART\\Project\\Keil\\UASRT.axf" 
Erase Done.
Programming Done.
Application running ...
fined symbol fifo_get (referred from main.o).
.\UASRT.axf: Error: L6218E: Undefined symbol fifo_is_empty (referred from main.o).
.\UASRT.axf: Error: L6218E: Undefined symbol EXTI_ClearITPendingBit (referred from stm32f10x_it.o).
.\UASRT.axf: Error: L6218E: Undefined symbol EXTI_GetITStatus (referred from stm32f10x_it.o).
Not enough information to list image symbols.
Finished: 1 information, 0 warning and 7 error messages.
".\UASRT.axf" - 7 Error(s), 2 Warning(s).
Target not created
