Product: MDK-ARM Standard 5.10
Component: ARM Compiler 5.04 update 1 (build 49)
Tool: armlink [5040049]

==============================================================================

Section Cross References

    startup_stm32f10x_md.o(STACK) refers (Special) to heapauxi.o(.text) for __use_two_region_memory
    startup_stm32f10x_md.o(HEAP) refers (Special) to heapauxi.o(.text) for __use_two_region_memory
    startup_stm32f10x_md.o(RESET) refers (Special) to heapauxi.o(.text) for __use_two_region_memory
    startup_stm32f10x_md.o(RESET) refers to startup_stm32f10x_md.o(STACK) for __initial_sp
    startup_stm32f10x_md.o(RESET) refers to startup_stm32f10x_md.o(.text) for Reset_Handler
    startup_stm32f10x_md.o(RESET) refers to stm32f10x_it.o(.text) for NMI_Handler
    startup_stm32f10x_md.o(.text) refers (Special) to heapauxi.o(.text) for __use_two_region_memory
    startup_stm32f10x_md.o(.text) refers to system_stm32f10x.o(.text) for SystemInit
    startup_stm32f10x_md.o(.text) refers to __main.o(!!!main) for __main
    startup_stm32f10x_md.o(.text) refers to startup_stm32f10x_md.o(HEAP) for Heap_Mem
    startup_stm32f10x_md.o(.text) refers to startup_stm32f10x_md.o(STACK) for Stack_Mem
    stm32f10x_gpio.o(.text) refers to stm32f10x_rcc.o(.text) for RCC_APB2PeriphResetCmd
    stm32f10x_rcc.o(.text) refers to stm32f10x_rcc.o(.data) for APBAHBPrescTable
    stm32f10x_usart.o(.text) refers to stm32f10x_rcc.o(.text) for RCC_APB2PeriphResetCmd
    main.o(.text) refers to _printf_percent.o(.ARM.Collect$$_printf_percent$$00000000) for _printf_percent
    main.o(.text) refers to _printf_d.o(.ARM.Collect$$_printf_percent$$00000009) for _printf_d
    main.o(.text) refers to _printf_dec.o(.text) for _printf_int_dec
    main.o(.text) refers to _printf_x.o(.ARM.Collect$$_printf_percent$$0000000C) for _printf_x
    main.o(.text) refers to _printf_hex_int.o(.text) for _printf_longlong_hex
    main.o(.text) refers to stm32f10x_rcc.o(.text) for RCC_APB1PeriphClockCmd
    main.o(.text) refers to stm32f10x_gpio.o(.text) for GPIO_Init
    main.o(.text) refers to stm32f10x_usart.o(.text) for USART_Init
    main.o(.text) refers to stm32f10x_exti.o(.text) for EXTI_Init
    main.o(.text) refers to misc.o(.text) for NVIC_Init
    main.o(.text) refers to fifo.o(.text) for fifo_create
    main.o(.text) refers to noretval__2printf.o(.text) for __2printf
    main.o(.text) refers to stm32f10x_dma.o(.text) for DMA_DeInit
    main.o(.text) refers to function.o(.text) for Delay_ms
    main.o(.text) refers to main.o(.data) for GPIO_InitStruct
    main.o(.text) refers to main.o(.bss) for UART_InitStruct
    main.o(.text) refers to system_stm32f10x.o(.data) for SystemCoreClock
    stm32f10x_it.o(.text) refers to stm32f10x_dma.o(.text) for DMA_GetITStatus
    stm32f10x_it.o(.text) refers to noretval__2printf.o(.text) for __2printf
    stm32f10x_it.o(.text) refers to stm32f10x_usart.o(.text) for USART_GetITStatus
    stm32f10x_it.o(.text) refers to fifo.o(.text) for fifo_add
    stm32f10x_it.o(.text) refers to stm32f10x_exti.o(.text) for EXTI_GetITStatus
    stm32f10x_it.o(.text) refers to main.o(.data) for e_DMA_Flag_ui8
    system_stm32f10x.o(.text) refers to system_stm32f10x.o(.data) for SystemCoreClock
    redirect_fput.o(.text) refers to stm32f10x_usart.o(.text) for USART_SendData
    debug.o(.text) refers to noretval__2printf.o(.text) for __2printf
    fifo.o(.text) refers to h1_alloc.o(.text) for malloc
    fifo.o(.text) refers to h1_free.o(.text) for free
    fifo.o(.text) refers to rt_memcpy_v6.o(.text) for __aeabi_memcpy
    function.o(.text) refers to fifo.o(.text) for fifo_is_empty
    function.o(.text) refers to main.o(.data) for e_Systick_ui32
    malloc.o(.text) refers (Special) to hguard.o(.text) for __heap$guard
    malloc.o(.text) refers (Special) to init_alloc.o(.text) for _init_alloc
    malloc.o(.text) refers to rt_heap_descriptor_intlibspace.o(.text) for __rt_heap_descriptor
    malloc.o(.text) refers to heapstubs.o(.text) for __Heap_Alloc
    free.o(.text) refers (Special) to hguard.o(.text) for __heap$guard
    free.o(.text) refers to rt_heap_descriptor_intlibspace.o(.text) for __rt_heap_descriptor
    free.o(.text) refers to heapstubs.o(.text) for __Heap_Free
    h1_alloc.o(.text) refers (Special) to h1_init.o(.text) for __Heap_Initialize
    h1_alloc.o(.text) refers to rt_heap_descriptor_intlibspace.o(.text) for __rt_heap_descriptor
    h1_alloc.o(.text) refers to init_alloc.o(.text) for __Heap_Full
    h1_free.o(.text) refers to rt_heap_descriptor_intlibspace.o(.text) for __rt_heap_descriptor
    h1_alloc_mt.o(.text) refers (Special) to h1_init.o(.text) for __Heap_Initialize
    h1_alloc_mt.o(.text) refers to init_alloc.o(.text) for __Heap_Full
    h1_alloc_mt.o(.text) refers to rt_heap_descriptor_intlibspace.o(.text) for __rt_heap_descriptor
    h1_free_mt.o(.text) refers to rt_heap_descriptor_intlibspace.o(.text) for __rt_heap_descriptor
    heap2.o(i._FDIterate) refers to heap2.o(.conststring) for .conststring
[...]
    heap2mt.o(i._malloc$realtime$concurrent) refers to fdtree.o(i._FDTree_FindFirst) for _FDTree_FindFirst
    heap2mt.o(i._malloc$realtime$concurrent) refers to init_alloc.o(.text) for __Heap_Full
    heap2mt.o(i._malloc$realtime$concurrent) refers to fdtree.o(i._FDTree_RemoveNode) for _FDTree_RemoveNode
    heap2mt.o(i._malloc$realtime$concurrent) refers to fdtree.o(i._FDTree_Insert) for _FDTree_Insert
    heap2mt.o(i._posix_memalign$realtime$concurrent) refers to rt_heap_descriptor_intlibspace.o(.text) for __rt_heap_descriptor
    heap2mt.o(i._posix_memalign$realtime$concurrent) refers to fdtree.o(i._FDTree_FindFirst) for _FDTree_FindFirst
    heap2mt.o(i._posix_memalign$realtime$concurrent) refers to init_alloc.o(.text) for __Heap_Full
    heap2mt.o(i._posix_memalign$realtime$concurrent) refers to fdtree.o(i._FDTree_RemoveNode) for _FDTree_RemoveNode
    heap2mt.o(i._posix_memalign$realtime$concurrent) refers to fdtree.o(i._FDTree_Insert) for _FDTree_Insert
    heap2mt.o(i._realloc$realtime$concurrent) refers to rt_heap_descriptor_intlibspace.o(.text) for __rt_heap_descriptor
    heap2mt.o(i._realloc$realtime$concurrent) refers to fdtree.o(i._FDTree_Insert) for _FDTree_Insert
    heap2mt.o(i._realloc$realtime$concurrent) refers to h1_free.o(.text) for free
    heap2mt.o(i._realloc$realtime$concurrent) refers to h1_alloc.o(.text) for malloc
    heap2mt.o(i._realloc$realtime$concurrent) refers to fdtree.o(i._FDTree_Delete) for _FDTree_Delete
    heap2mt.o(i._realloc$realtime$concurrent) refers to rt_memcpy_w.o(.text) for __aeabi_memcpy4
    __2printf.o(.text) refers to _printf_char_file.o(.text) for _printf_char_file
    __2printf.o(.text) refers to redirect_fput.o(.data) for __stdout
    noretval__2printf.o(.text) refers to _printf_char_file.o(.text) for _printf_char_file
    noretval__2printf.o(.text) refers to redirect_fput.o(.data) for __stdout
    __printf.o(.text) refers to _printf_percent.o(.ARM.Collect$$_printf_percent$$00000000) for _printf_percent
    _printf_dec.o(.text) refers to _printf_intcommon.o(.text) for _printf_int_common
    _printf_hex_ll.o(.text) refers to _printf_intcommon.o(.text) for _printf_int_common
    _printf_hex_ll.o(.text) refers to _printf_hex_ll.o(.constdata) for .constdata
    _printf_hex_int.o(.text) refers to _printf_intcommon.o(.text) for _printf_int_common
    _printf_hex_int.o(.text) refers to _printf_hex_int.o(.constdata) for .constdata
    _printf_hex_int_ll.o(.text) refers to _printf_intcommon.o(.text) for _printf_int_common
    _printf_hex_int_ll.o(.text) refers to _printf_hex_int_ll.o(.constdata) for .constdata
    _printf_hex_ptr.o(.text) refers to _printf_intcommon.o(.text) for _printf_int_common
    _printf_hex_ptr.o(.text) refers to _printf_hex_ptr.o(.constdata) for .constdata
    _printf_hex_int_ptr.o(.text) refers to _printf_intcommon.o(.text) for _printf_int_common
    _printf_hex_int_ptr.o(.text) refers to _printf_hex_int_ptr.o(.constdata) for .constdata
    _printf_hex_ll_ptr.o(.text) refers to _printf_intcommon.o(.text) for _printf_int_common
    _printf_hex_ll_ptr.o(.text) refers to _printf_hex_ll_ptr.o(.constdata) for .constdata
    _printf_hex_int_ll_ptr.o(.text) refers to _printf_intcommon.o(.text) for _printf_int_common
    _printf_hex_int_ll_ptr.o(.text) refers to _printf_hex_int_ll_ptr.o(.constdata) for .constdata
    __printf_flags.o(.text) refers to _printf_percent.o(.ARM.Collect$$_printf_percent$$00000000) for _printf_percent
    __printf_flags.o(.text) refers to __printf_flags.o(.constdata) for .constdata
    __printf_ss.o(.text) refers to _printf_percent.o(.ARM.Collect$$_printf_percent$$00000000) for _printf_percent
    __printf_flags_ss.o(.text) refers to _printf_percent.o(.ARM.Collect$$_printf_percent$$00000000) for _printf_percent
    __printf_flags_ss.o(.text) refers to __printf_flags_ss.o(.constdata) for .constdata
    __printf_wp.o(.text) refers to __printf_wp.o(i._is_digit) for _is_digit
    __printf_wp.o(.text) refers to _printf_percent.o(.ARM.Collect$$_printf_percent$$00000000) for _printf_percent
    __printf_flags_wp.o(.text) refers to __printf_wp.o(i._is_digit) for _is_digit
    __printf_flags_wp.o(.text) refers to _printf_percent.o(.ARM.Collect$$_printf_percent$$00000000) for _printf_percent
    __printf_flags_wp.o(.text) refers to __printf_flags_wp.o(.constdata) for .constdata
    __printf_ss_wp.o(.text) refers to __printf_wp.o(i._is_digit) for _is_digit
    __printf_ss_wp.o(.text) refers to _printf_percent.o(.ARM.Collect$$_printf_percent$$00000000) for _printf_percent
    __printf_flags_ss_wp.o(.text) refers to __printf_wp.o(i._is_digit) for _is_digit
    __printf_flags_ss_wp.o(.text) refers to _printf_percent.o(.ARM.Collect$$_printf_percent$$00000000) for _printf_percent
    __printf_flags_ss_wp.o(.text) refers to __printf_flags_ss_wp.o(.constdata) for .constdata
    _printf_x.o(.ARM.Collect$$_printf_percent$$0000000C) refers (Weak) to _printf_hex_int.o(.text) for _printf_int_hex
    _printf_d.o(.ARM.Collect$$_printf_percent$$00000009) refers (Weak) to _printf_dec.o(.text) for _printf_int_dec
    _printf_percent.o(.ARM.Collect$$_printf_percent$$00000000) refers (Special) to _printf_percent_end.o(.ARM.Collect$$_printf_percent$$00000017) for _printf_percent_end
    rt_memcpy_v6.o(.text) refers to rt_memcpy_w.o(.text) for __aeabi_memcpy4
    __main.o(!!!main) refers to rtentry.o(.ARM.Collect$$rtentry$$00000000) for __rt_entry
    rtentry.o(.ARM.Collect$$rtentry$$00000000) refers (Special) to rtentry2.o(.ARM.Collect$$rtentry$$0000000A) for __rt_entry_li
    rtentry.o(.ARM.Collect$$rtentry$$00000000) refers (Special) to rtentry2.o(.ARM.Collect$$rtentry$$0000000D) for __rt_entry_main
    rtentry.o(.ARM.Collect$$rtentry$$00000000) refers (Special) to rtentry2.o(.ARM.Collect$$rtentry$$0000000C) for __rt_entry_postli_1
    rtentry.o(.ARM.Collect$$rtentry$$00000000) refers (Special) to rtentry2.o(.ARM.Collect$$rtentry$$00000009) for __rt_entry_postsh_1
    rtentry.o(.ARM.Collect$$rtentry$$00000000) refers (Special) to rtentry2.o(.ARM.Collect$$rtentry$$00000002) for __rt_entry_presh_1
    rtentry.o(.ARM.Collect$$rtentry$$00000000) refers (Special) to rtentry4.o(.ARM.Collect$$rtentry$$00000004) for __rt_entry_sh
    rt_heap_descriptor.o(.text) refers to rt_heap_descriptor.o(.bss) for __rt_heap_descriptor_data
    rt_heap_descriptor_intlibspace.o(.text) refers to libspace.o(.bss) for __libspace_start
    init_alloc.o(.text) refers (Special) to hguard.o(.text) for __heap$guard
    init_alloc.o(.text) refers (Special) to libinit2.o(.ARM.Collect$$libinit$$00000003) for __rt_lib_init_heap_2
    init_alloc.o(.text) refers (Special) to maybetermalloc1.o(.emb_text) for _maybe_terminate_alloc
    init_alloc.o(.text) refers to h1_extend.o(.text) for __Heap_ProvideMemory
    init_alloc.o(.text) refers to defsig_rtmem_outer.o(.text) for __rt_SIGRTMEM
    init_alloc.o(.text) refers to rt_heap_descriptor_intlibspace.o(.text) for __rt_heap_descriptor
    init_alloc.o(.text) refers to h1_init.o(.text) for __Heap_Initialize
    h1_init_mt.o(.text) refers to mutex_dummy.o(.text) for _mutex_initialize
    _printf_char_file.o(.text) refers to _printf_char_common.o(.text) for _printf_char_common
    _printf_char_file.o(.text) refers to ferror.o(.text) for ferror
    _printf_char_file.o(.text) refers to redirect_fput.o(.text) for fputc
    _get_argv.o(.text) refers (Special) to hrguard.o(.text) for __heap_region$guard
    _get_argv.o(.text) refers to h1_alloc.o(.text) for malloc
    _get_argv.o(.text) refers to defsig_rtmem_outer.o(.text) for __rt_SIGRTMEM
    _get_argv.o(.text) refers to sys_command.o(.text) for _sys_command_string
    libinit2.o(.ARM.Collect$$libinit$$00000003) refers (Weak) to init_alloc.o(.text) for _init_alloc
    libinit2.o(.ARM.Collect$$libinit$$0000000E) refers to libinit2.o(.ARM.Collect$$libinit$$0000000D) for .ARM.Collect$$libinit$$0000000D
    libinit2.o(.ARM.Collect$$libinit$$00000010) refers to libinit2.o(.ARM.Collect$$libinit$$0000000D) for .ARM.Collect$$libinit$$0000000D
    libinit2.o(.ARM.Collect$$libinit$$00000012) refers to libinit2.o(.ARM.Collect$$libinit$$0000000D) for .ARM.Collect$$libinit$$0000000D
    libinit2.o(.ARM.Collect$$libinit$$00000014) refers to libinit2.o(.ARM.Collect$$libinit$$0000000D) for .ARM.Collect$$libinit$$0000000D
    libinit2.o(.ARM.Collect$$libinit$$00000016) refers to libinit2.o(.ARM.Collect$$libinit$$0000000D) for .ARM.Collect$$libinit$$0000000D
    libinit2.o(.ARM.Collect$$libinit$$00000024) refers to argv_veneer.o(.emb_text) for __ARM_argv_veneer
    libinit2.o(.ARM.Collect$$libinit$$00000025) refers to argv_veneer.o(.emb_text) for __ARM_argv_veneer
    sys_command.o(.text) refers (Special) to use_no_semi.o(.text) for __I$use$semihosting
    sys_command.o(.text) refers (Special) to indicate_semi.o(.text) for __semihosting_library_function
    libspace.o(.text) refers to libspace.o(.bss) for __libspace_start
    rtentry2.o(.ARM.Collect$$rtentry$$00000008) refers to boardinit2.o(.text) for _platform_post_stackheap_init
    rtentry2.o(.ARM.Collect$$rtentry$$0000000A) refers to libinit.o(.ARM.Collect$$libinit$$00000000) for __rt_lib_init
    rtentry2.o(.ARM.Collect$$rtentry$$0000000B) refers to boardinit3.o(.text) for _platform_post_lib_init
    rtentry2.o(.ARM.Collect$$rtentry$$0000000D) refers to main.o(.text) for main
    rtentry2.o(.ARM.Collect$$rtentry$$0000000D) refers to exit.o(.text) for exit
    rtentry2.o(.ARM.exidx) refers to rtentry2.o(.ARM.Collect$$rtentry$$00000001) for .ARM.Collect$$rtentry$$00000001
    rtentry2.o(.ARM.exidx) refers to rtentry2.o(.ARM.Collect$$rtentry$$00000008) for .ARM.Collect$$rtentry$$00000008
    rtentry2.o(.ARM.exidx) refers to rtentry2.o(.ARM.Collect$$rtentry$$0000000A) for .ARM.Collect$$rtentry$$0000000A
    rtentry2.o(.ARM.exidx) refers to rtentry2.o(.ARM.Collect$$rtentry$$0000000B) for .ARM.Collect$$rtentry$$0000000B
    rtentry2.o(.ARM.exidx) refers to rtentry2.o(.ARM.Collect$$rtentry$$0000000D) for .ARM.Collect$$rtentry$$0000000D
    rtentry4.o(.ARM.Collect$$rtentry$$00000004) refers to sys_stackheap_outer.o(.text) for __user_setup_stackheap
    rtentry4.o(.ARM.exidx) refers to rtentry4.o(.ARM.Collect$$rtentry$$00000004) for .ARM.Collect$$rtentry$$00000004
    maybetermalloc2.o(.emb_text) refers (Special) to term_alloc.o(.text) for _terminate_alloc
    h1_extend.o(.text) refers to h1_free.o(.text) for free
    h1_extend_mt.o(.text) refers to h1_free_mt.o(.text) for _free_internal
    _printf_char_common.o(.text) refers to __printf.o(.text) for __printf
    defsig_rtmem_outer.o(.text) refers to defsig_rtmem_inner.o(.text) for __rt_SIGRTMEM_inner
    defsig_rtmem_outer.o(.text) refers to defsig_exit.o(.text) for __sig_exit
    defsig_rtmem_formal.o(.text) refers to rt_raise.o(.text) for __rt_raise
    heapauxa.o(.text) refers to heapauxa.o(.data) for .data
    argv_veneer.o(.emb_text) refers to no_argv.o(.text) for __ARM_get_argv
    sys_stackheap_outer.o(.text) refers to libspace.o(.text) for __user_perproc_libspace
    sys_stackheap_outer.o(.text) refers to startup_stm32f10x_md.o(.text) for __user_initial_stackheap
    rt_raise.o(.text) refers to __raise.o(.text) for __raise
    rt_raise.o(.text) refers to sys_exit.o(.text) for _sys_exit
    term_alloc.o(.text) refers (Special) to libshutdown2.o(.ARM.Collect$$libshutdown$$0000000D) for __rt_lib_shutdown_heap_2
    term_alloc.o(.text) refers to rt_heap_descriptor_intlibspace.o(.text) for __rt_heap_descriptor
    term_alloc.o(.text) refers to h1_final.o(.text) for __Heap_Finalize
    exit.o(.text) refers to rtexit.o(.ARM.Collect$$rtexit$$00000000) for __rt_exit
    defsig_exit.o(.text) refers to sys_exit.o(.text) for _sys_exit
    defsig_rtmem_inner.o(.text) refers to defsig_general.o(.text) for __default_signal_display
    _get_argv_nomalloc.o(.text) refers (Special) to hrguard.o(.text) for __heap_region$guard
    _get_argv_nomalloc.o(.text) refers to defsig_rtmem_outer.o(.text) for __rt_SIGRTMEM
    _get_argv_nomalloc.o(.text) refers to sys_command.o(.text) for _sys_command_string
    libinit.o(.ARM.Collect$$libinit$$00000000) refers (Special) to libinit2.o(.ARM.Collect$$libinit$$0000002C) for __rt_lib_init_alloca_1
    libinit.o(.ARM.Collect$$libinit$$00000000) refers (Special) to libinit2.o(.ARM.Collect$$libinit$$0000002A) for __rt_lib_init_argv_1
    libinit.o(.ARM.Collect$$libinit$$00000000) refers (Special) to libinit2.o(.ARM.Collect$$libinit$$00000019) for __rt_lib_init_atexit_1
    libinit.o(.ARM.Collect$$libinit$$00000000) refers (Special) to libinit2.o(.ARM.Collect$$libinit$$0000001F) for __rt_lib_init_clock_1
    libinit.o(.ARM.Collect$$libinit$$00000000) refers (Special) to libinit2.o(.ARM.Collect$$libinit$$00000030) for __rt_lib_init_cpp_1
    libinit.o(.ARM.Collect$$libinit$$00000000) refers (Special) to libinit2.o(.ARM.Collect$$libinit$$0000002E) for __rt_lib_init_exceptions_1
    libinit.o(.ARM.Collect$$libinit$$00000000) refers (Special) to libinit2.o(.ARM.Collect$$libinit$$00000002) for __rt_lib_init_fp_1
    libinit.o(.ARM.Collect$$libinit$$00000000) refers (Special) to libinit2.o(.ARM.Collect$$libinit$$0000001D) for __rt_lib_init_fp_trap_1
    libinit.o(.ARM.Collect$$libinit$$00000000) refers (Special) to libinit2.o(.ARM.Collect$$libinit$$00000021) for __rt_lib_init_getenv_1
    libinit.o(.ARM.Collect$$libinit$$00000000) refers (Special) to libinit2.o(.ARM.Collect$$libinit$$00000008) for __rt_lib_init_heap_1
    libinit.o(.ARM.Collect$$libinit$$00000000) refers (Special) to libinit2.o(.ARM.Collect$$libinit$$0000000F) for __rt_lib_init_lc_collate_1
    libinit.o(.ARM.Collect$$libinit$$00000000) refers (Special) to libinit2.o(.ARM.Collect$$libinit$$00000011) for __rt_lib_init_lc_ctype_1
    libinit.o(.ARM.Collect$$libinit$$00000000) refers (Special) to libinit2.o(.ARM.Collect$$libinit$$00000013) for __rt_lib_init_lc_monetary_1
    libinit.o(.ARM.Collect$$libinit$$00000000) refers (Special) to libinit2.o(.ARM.Collect$$libinit$$00000015) for __rt_lib_init_lc_numeric_1
    libinit.o(.ARM.Collect$$libinit$$00000000) refers (Special) to libinit2.o(.ARM.Collect$$libinit$$00000017) for __rt_lib_init_lc_time_1
    libinit.o(.ARM.Collect$$libinit$$00000000) refers (Special) to libinit2.o(.ARM.Collect$$libinit$$0000000C) for __rt_lib_init_rand_1
    libinit.o(.ARM.Collect$$libinit$$00000000) refers (Special) to libinit2.o(.ARM.Collect$$libinit$$00000031) for __rt_lib_init_return
    libinit.o(.ARM.Collect$$libinit$$00000000) refers (Special) to libinit2.o(.ARM.Collect$$libinit$$0000001B) for __rt_lib_init_signal_1
    libinit.o(.ARM.Collect$$libinit$$00000000) refers (Special) to libinit2.o(.ARM.Collect$$libinit$$00000023) for __rt_lib_init_stdio_1
    libinit.o(.ARM.Collect$$libinit$$00000000) refers (Special) to libinit2.o(.ARM.Collect$$libinit$$0000000A) for __rt_lib_init_user_alloc_1
    sys_exit.o(.text) refers (Special) to use_no_semi.o(.text) for __I$use$semihosting
    sys_exit.o(.text) refers (Special) to indicate_semi.o(.text) for __semihosting_library_function
    rtexit.o(.ARM.Collect$$rtexit$$00000000) refers (Special) to rtexit2.o(.ARM.Collect$$rtexit$$00000004) for __rt_exit_exit
    rtexit.o(.ARM.Collect$$rtexit$$00000000) refers (Special) to rtexit2.o(.ARM.Collect$$rtexit$$00000003) for __rt_exit_ls
    rtexit.o(.ARM.Collect$$rtexit$$00000000) refers (Special) to rtexit2.o(.ARM.Collect$$rtexit$$00000002) for __rt_exit_prels_1
    rtexit.o(.ARM.exidx) refers (Special) to rtexit2.o(.ARM.Collect$$rtexit$$00000004) for __rt_exit_exit
    rtexit.o(.ARM.exidx) refers (Special) to rtexit2.o(.ARM.Collect$$rtexit$$00000003) for __rt_exit_ls
    rtexit.o(.ARM.exidx) refers (Special) to rtexit2.o(.ARM.Collect$$rtexit$$00000002) for __rt_exit_prels_1
    rtexit.o(.ARM.exidx) refers to rtexit.o(.ARM.Collect$$rtexit$$00000000) for .ARM.Collect$$rtexit$$00000000
    __raise.o(.text) refers to defsig.o(CL$$defsig) for __default_signal_handler
    defsig_general.o(.text) refers to sys_wrch.o(.text) for _ttywrch
    libshutdown2.o(.ARM.Collect$$libshutdown$$0000000C) refers (Weak) to term_alloc.o(.text) for _terminate_alloc
    sys_wrch.o(.text) refers (Special) to use_no_semi.o(.text) for __I$use$semihosting
    sys_wrch.o(.text) refers (Special) to indicate_semi.o(.text) for __semihosting_library_function
    rtexit2.o(.ARM.Collect$$rtexit$$00000003) refers to libshutdown.o(.ARM.Collect$$libshutdown$$00000000) for __rt_lib_shutdown
    rtexit2.o(.ARM.Collect$$rtexit$$00000004) refers to sys_exit.o(.text) for _sys_exit
    rtexit2.o(.ARM.exidx) refers to rtexit2.o(.ARM.Collect$$rtexit$$00000001) for .ARM.Collect$$rtexit$$00000001
    rtexit2.o(.ARM.exidx) refers to rtexit2.o(.ARM.Collect$$rtexit$$00000003) for .ARM.Collect$$rtexit$$00000003
    rtexit2.o(.ARM.exidx) refers to rtexit2.o(.ARM.Collect$$rtexit$$00000004) for .ARM.Collect$$rtexit$$00000004
    defsig.o(CL$$defsig) refers to defsig_rtmem_inner.o(.text) for __rt_SIGRTMEM_inner
    defsig_abrt_inner.o(.text) refers to defsig_general.o(.text) for __default_signal_display
    defsig_fpe_inner.o(.text) refers to defsig_general.o(.text) for __default_signal_display
    defsig_rtred_inner.o(.text) refers to defsig_general.o(.text) for __default_signal_display
    defsig_stak_inner.o(.text) refers to defsig_general.o(.text) for __default_signal_display
    defsig_pvfn_inner.o(.text) refers to defsig_general.o(.text) for __default_signal_display
    defsig_cppl_inner.o(.text) refers to defsig_general.o(.text) for __default_signal_display
    defsig_segv_inner.o(.text) refers to defsig_general.o(.text) for __default_signal_display
    defsig_other.o(.text) refers to defsig_general.o(.text) for __default_signal_display
    libshutdown.o(.ARM.Collect$$libshutdown$$00000000) refers (Special) to libshutdown2.o(.ARM.Collect$$libshutdown$$00000006) for __rt_lib_shutdown_fp_trap_1
    libshutdown.o(.ARM.Collect$$libshutdown$$00000000) refers (Special) to libshutdown2.o(.ARM.Collect$$libshutdown$$0000000E) for __rt_lib_shutdown_heap_1
    libshutdown.o(.ARM.Collect$$libshutdown$$00000000) refers (Special) to libshutdown2.o(.ARM.Collect$$libshutdown$$0000000F) for __rt_lib_shutdown_return
    libshutdown.o(.ARM.Collect$$libshutdown$$00000000) refers (Special) to libshutdown2.o(.ARM.Collect$$libshutdown$$00000009) for __rt_lib_shutdown_signal_1
    libshutdown.o(.ARM.Collect$$libshutdown$$00000000) refers (Special) to libshutdown2.o(.ARM.Collect$$libshutdown$$00000003) for __rt_lib_shutdown_stdio_1
    libshutdown.o(.ARM.Collect$$libshutdown$$00000000) refers (Special) to libshutdown2.o(.ARM.Collect$$libshutdown$$0000000B) for __rt_lib_shutdown_user_alloc_1


==============================================================================

Removing Unused input sections from the image.

    Removing core_cm3.o(.emb_text), (32 bytes).
    Removing stm32f10x_it.o(.data), (4 bytes).
    Removing debug.o(.text), (84 bytes).

3 unused section(s) (total 120 bytes) removed from the image.

==============================================================================

Image Symbol Table

    Local Symbols

    Symbol Name                              Value     Ov Type        Size  Object(Section)

    ../clib/angel/boardlib.s                 0x00000000   Number         0  boardinit3.o ABSOLUTE
    ../clib/angel/boardlib.s                 0x00000000   Number         0  boardinit1.o ABSOLUTE
    ../clib/angel/boardlib.s                 0x00000000   Number         0  boardshut.o ABSOLUTE
    ../clib/angel/boardlib.s                 0x00000000   Number         0  boardinit2.o ABSOLUTE
    ../clib/angel/handlers.s                 0x00000000   Number         0  __scatter_copy.o ABSOLUTE
    ../clib/angel/handlers.s                 0x00000000   Number         0  __scatter_zi.o ABSOLUTE
    ../clib/angel/kernel.s                   0x00000000   Number         0  rtentry.o ABSOLUTE
    ../clib/angel/kernel.s                   0x00000000   Number         0  rtexit2.o ABSOLUTE
    ../clib/angel/kernel.s                   0x00000000   Number         0  rtentry4.o ABSOLUTE
    ../clib/angel/kernel.s                   0x00000000   Number         0  rtexit.o ABSOLUTE
    ../clib/angel/kernel.s                   0x00000000   Number         0  rtentry2.o ABSOLUTE
    ../clib/angel/rt.s                       0x00000000   Number         0  rt_raise.o ABSOLUTE
    ../clib/angel/rt.s                       0x00000000   Number         0  rt_heap_descriptor.o ABSOLUTE
    ../clib/angel/rt.s                       0x00000000   Number         0  rt_heap_descriptor_intlibspace.o ABSOLUTE
    ../clib/angel/scatter.s                  0x00000000   Number         0  __scatter.o ABSOLUTE
    ../clib/angel/startup.s                  0x00000000   Number         0  __main.o ABSOLUTE
    ../clib/angel/sys.s                      0x00000000   Number         0  libspace.o ABSOLUTE
    ../clib/angel/sys.s                      0x00000000   Number         0  mutex_dummy.o ABSOLUTE
    ../clib/angel/sys.s                      0x00000000   Number         0  sys_stackheap_outer.o ABSOLUTE
    ../clib/angel/sys.s                      0x00000000   Number         0  indicate_semi.o ABSOLUTE
    ../clib/angel/sys.s                      0x00000000   Number         0  use_no_semi.o ABSOLUTE
    ../clib/angel/sysapp.c                   0x00000000   Number         0  sys_wrch.o ABSOLUTE
    ../clib/angel/sysapp.c                   0x00000000   Number         0  sys_command.o ABSOLUTE
    ../clib/angel/sysapp.c                   0x00000000   Number         0  sys_exit.o ABSOLUTE
    ../clib/armsys.c                         0x00000000   Number         0  _get_argv_nomalloc.o ABSOLUTE
    ../clib/armsys.c                         0x00000000   Number         0  no_argv.o ABSOLUTE
    ../clib/armsys.c                         0x00000000   Number         0  _get_argv.o ABSOLUTE
    ../clib/armsys.c                         0x00000000   Number         0  argv_veneer.o ABSOLUTE
    ../clib/armsys.c                         0x00000000   Number         0  argv_veneer.o ABSOLUTE
    ../clib/heap1.c                          0x00000000   Number         0  h1_extend.o ABSOLUTE
    ../clib/heap1.c                          0x00000000   Number         0  h1_extend_mt.o ABSOLUTE
    ../clib/heap1.c                          0x00000000   Number         0  h1_init_mt.o ABSOLUTE
    ../clib/heap1.c                          0x00000000   Number         0  h1_init.o ABSOLUTE
    ../clib/heap1.c                          0x00000000   Number         0  h1_final.o ABSOLUTE
    ../clib/heap1.c                          0x00000000   Number         0  h1_alloc.o ABSOLUTE
    ../clib/heap1.c                          0x00000000   Number         0  h1_free.o ABSOLUTE
    ../clib/heap1.c                          0x00000000   Number         0  h1_final_mt.o ABSOLUTE
    ../clib/heap1.c                          0x00000000   Number         0  h1_alloc_mt.o ABSOLUTE
    ../clib/heap1.c                          0x00000000   Number         0  h1_free_mt.o ABSOLUTE
    ../clib/heap2.c                          0x00000000   Number         0  fdtree.o ABSOLUTE
    ../clib/heap2.c                          0x00000000   Number         0  heap2.o ABSOLUTE
    ../clib/heap2.c                          0x00000000   Number         0  heap2mt.o ABSOLUTE
    ../clib/heapalloc.c                      0x00000000   Number         0  term_alloc.o ABSOLUTE
    ../clib/heapalloc.c                      0x00000000   Number         0  maybetermalloc1.o ABSOLUTE
    ../clib/heapalloc.c                      0x00000000   Number         0  maybetermalloc1.o ABSOLUTE
    ../clib/heapalloc.c                      0x00000000   Number         0  hrguard.o ABSOLUTE
    ../clib/heapalloc.c                      0x00000000   Number         0  maybetermalloc2.o ABSOLUTE
    ../clib/heapalloc.c                      0x00000000   Number         0  maybetermalloc2.o ABSOLUTE
    ../clib/heapalloc.c                      0x00000000   Number         0  heapstubs.o ABSOLUTE
    ../clib/heapalloc.c                      0x00000000   Number         0  malloc.o ABSOLUTE
    ../clib/heapalloc.c                      0x00000000   Number         0  free.o ABSOLUTE
    ../clib/heapalloc.c                      0x00000000   Number         0  hguard.o ABSOLUTE
    ../clib/heapalloc.c                      0x00000000   Number         0  init_alloc.o ABSOLUTE
    ../clib/heapaux.c                        0x00000000   Number         0  heapauxi.o ABSOLUTE
    ../clib/heapaux.c                        0x00000000   Number         0  heapauxa.o ABSOLUTE
    ../clib/libinit.s                        0x00000000   Number         0  libshutdown.o ABSOLUTE
    ../clib/libinit.s                        0x00000000   Number         0  libinit.o ABSOLUTE
    ../clib/libinit.s                        0x00000000   Number         0  libshutdown2.o ABSOLUTE
    ../clib/libinit.s                        0x00000000   Number         0  libinit2.o ABSOLUTE
    ../clib/memcpset.s                       0x00000000   Number         0  rt_memcpy_w.o ABSOLUTE
    ../clib/memcpset.s                       0x00000000   Number         0  rt_memcpy_v6.o ABSOLUTE
    ../clib/printf.c                         0x00000000   Number         0  _printf_char_file.o ABSOLUTE
    ../clib/printf.c                         0x00000000   Number         0  __printf_nopercent.o ABSOLUTE
    ../clib/printf.c                         0x00000000   Number         0  _printf_char_common.o ABSOLUTE
    ../clib/printf.c                         0x00000000   Number         0  __2printf.o ABSOLUTE
    ../clib/printf.c                         0x00000000   Number         0  __printf_flags_ss.o ABSOLUTE
    ../clib/printf.c                         0x00000000   Number         0  __printf.o ABSOLUTE
    ../clib/printf.c                         0x00000000   Number         0  _printf_dec.o ABSOLUTE
    ../clib/printf.c                         0x00000000   Number         0  _printf_hex_ll.o ABSOLUTE
    ../clib/printf.c                         0x00000000   Number         0  _printf_hex_int.o ABSOLUTE
    ../clib/printf.c                         0x00000000   Number         0  _printf_hex_int_ll.o ABSOLUTE
    ../clib/printf.c                         0x00000000   Number         0  _printf_hex_ptr.o ABSOLUTE
    ../clib/printf.c                         0x00000000   Number         0  _printf_hex_int_ptr.o ABSOLUTE
    ../clib/printf.c                         0x00000000   Number         0  _printf_hex_ll_ptr.o ABSOLUTE
    ../clib/printf.c                         0x00000000   Number         0  _printf_hex_int_ll_ptr.o ABSOLUTE
    ../clib/printf.c                         0x00000000   Number         0  __printf_flags.o ABSOLUTE
    ../clib/printf.c                         0x00000000   Number         0  __printf_ss.o ABSOLUTE
    ../clib/printf.c                         0x00000000   Number         0  noretval__2printf.o ABSOLUTE
    ../clib/printf.c                         0x00000000   Number         0  __printf_wp.o ABSOLUTE
    ../clib/printf.c                         0x00000000   Number         0  __printf_flags_wp.o ABSOLUTE
    ../clib/printf.c                         0x00000000   Number         0  __printf_ss_wp.o ABSOLUTE
    ../clib/printf.c                         0x00000000   Number         0  __printf_flags_ss_wp.o ABSOLUTE
    ../clib/printf.c                         0x00000000   Number         0  _printf_intcommon.o ABSOLUTE
    ../clib/printf_percent.s                 0x00000000   Number         0  _printf_percent.o ABSOLUTE
    ../clib/printf_percent.s                 0x00000000   Number         0  _printf_percent_end.o ABSOLUTE
    ../clib/printf_percent.s                 0x00000000   Number         0  _printf_d.o ABSOLUTE
    ../clib/printf_percent.s                 0x00000000   Number         0  _printf_x.o ABSOLUTE
    ../clib/signal.c                         0x00000000   Number         0  __raise.o ABSOLUTE
    ../clib/signal.c                         0x00000000   Number         0  defsig_rtmem_inner.o ABSOLUTE
    ../clib/signal.c                         0x00000000   Number         0  defsig_cppl_inner.o ABSOLUTE
    ../clib/signal.c                         0x00000000   Number         0  defsig_other.o ABSOLUTE
    ../clib/signal.c                         0x00000000   Number         0  defsig_segv_inner.o ABSOLUTE
    ../clib/signal.c                         0x00000000   Number         0  defsig_pvfn_inner.o ABSOLUTE
    ../clib/signal.c                         0x00000000   Number         0  defsig_stak_inner.o ABSOLUTE
    ../clib/signal.c                         0x00000000   Number         0  defsig_rtred_inner.o ABSOLUTE
    ../clib/signal.c                         0x00000000   Number         0  defsig_general.o ABSOLUTE
    ../clib/signal.c                         0x00000000   Number         0  defsig_fpe_inner.o ABSOLUTE
    ../clib/signal.c                         0x00000000   Number         0  defsig_rtmem_formal.o ABSOLUTE
    ../clib/signal.c                         0x00000000   Number         0  defsig_rtmem_outer.o ABSOLUTE
    ../clib/signal.c                         0x00000000   Number         0  defsig_abrt_inner.o ABSOLUTE
    ../clib/signal.c                         0x00000000   Number         0  defsig_exit.o ABSOLUTE
    ../clib/signal.s                         0x00000000   Number         0  defsig.o ABSOLUTE
    ../clib/stdio.c                          0x00000000   Number         0  ferror_locked.o ABSOLUTE
    ../clib/stdio.c                          0x00000000   Number         0  ferror.o ABSOLUTE
    ../clib/stdlib.c                         0x00000000   Number         0  exit.o ABSOLUTE
    ../fplib/fpinit.s                        0x00000000   Number         0  fpinit.o ABSOLUTE
    ..\..\Lib\CMSIS\CM3\CoreSupport\core_cm3.c 0x00000000   Number         0  core_cm3.o ABSOLUTE
    ..\..\Lib\CMSIS\CM3\DeviceSupport\ST\STM32F10x\startup\arm\startup_stm32f10x_md.s 0x00000000   Number         0  startup_stm32f10x_md.o ABSOLUTE
    ..\..\Lib\STM32F10x_StdPeriph_Driver\src\debug.c 0x00000000   Number         0  debug.o ABSOLUTE
    ..\..\Lib\STM32F10x_StdPeriph_Driver\src\misc.c 0x00000000   Number         0  misc.o ABSOLUTE
    ..\..\Lib\STM32F10x_StdPeriph_Driver\src\stm32f10x_dma.c 0x00000000   Number         0  stm32f10x_dma.o ABSOLUTE
    ..\..\Lib\STM32F10x_StdPeriph_Driver\src\stm32f10x_exti.c 0x00000000   Number         0  stm32f10x_exti.o ABSOLUTE
    ..\..\Lib\STM32F10x_StdPeriph_Driver\src\stm32f10x_gpio.c 0x00000000   Number         0  stm32f10x_gpio.o ABSOLUTE
    ..\..\Lib\STM32F10x_StdPeriph_Driver\src\stm32f10x_rcc.c 0x00000000   Number         0  stm32f10x_rcc.o ABSOLUTE
    ..\..\Lib\STM32F10x_StdPeriph_Driver\src\stm32f10x_usart.c 0x00000000   Number         0  stm32f10x_usart.o ABSOLUTE
    ..\FIFO.c                                0x00000000   Number         0  fifo.o ABSOLUTE
    ..\Redirect_fput.c                       0x00000000   Number         0  redirect_fput.o ABSOLUTE
    ..\\..\\Lib\\CMSIS\\CM3\\CoreSupport\\core_cm3.c 0x00000000   Number         0  core_cm3.o ABSOLUTE
    ..\function.c                            0x00000000   Number         0  function.o ABSOLUTE
    ..\main.c                                0x00000000   Number         0  main.o ABSOLUTE
    ..\stm32f10x_it.c                        0x00000000   Number         0  stm32f10x_it.o ABSOLUTE
    ..\system_stm32f10x.c                    0x00000000   Number         0  system_stm32f10x.o ABSOLUTE
    dc.s                                     0x00000000   Number         0  dc.o ABSOLUTE
    RESET                                    0x08000000   Section      236  startup_stm32f10x_md.o(RESET)
    !!!main                                  0x080000ec   Section        8  __main.o(!!!main)
    !!!scatter                               0x080000f4   Section       52  __scatter.o(!!!scatter)
    !!handler_copy                           0x08000128   Section       26  __scatter_copy.o(!!handler_copy)
    !!handler_zi                             0x08000144   Section       28  __scatter_zi.o(!!handler_zi)
    .ARM.Collect$$_printf_percent$$00000000  0x08000160   Section        0  _printf_percent.o(.ARM.Collect$$_printf_percent$$00000000)
    .ARM.Collect$$_printf_percent$$00000009  0x08000160   Section        6  _printf_d.o(.ARM.Collect$$_printf_percent$$00000009)
    .ARM.Collect$$_printf_percent$$0000000C  0x08000166   Section        6  _printf_x.o(.ARM.Collect$$_printf_percent$$0000000C)
    .ARM.Collect$$_printf_percent$$00000017  0x0800016c   Section        4  _printf_percent_end.o(.ARM.Collect$$_printf_percent$$00000017)
    .ARM.Collect$$libinit$$00000000          0x08000170   Section        2  libinit.o(.ARM.Collect$$libinit$$00000000)
    .ARM.Collect$$libinit$$00000002          0x08000172   Section        0  libinit2.o(.ARM.Collect$$libinit$$00000002)
    .ARM.Collect$$libinit$$00000003          0x08000172   Section        8  libinit2.o(.ARM.Collect$$libinit$$00000003)
    .ARM.Collect$$libinit$$00000008          0x0800017a   Section        0  libinit2.o(.ARM.Collect$$libinit$$00000008)
    .ARM.Collect$$libinit$$0000000A          0x0800017a   Section        0  libinit2.o(.ARM.Collect$$libinit$$0000000A)
    .ARM.Collect$$libinit$$0000000C          0x0800017a   Section        0  libinit2.o(.ARM.Collect$$libinit$$0000000C)
    .ARM.Collect$$libinit$$0000000F          0x0800017a   Section        0  libinit2.o(.ARM.Collect$$libinit$$0000000F)
    .ARM.Collect$$libinit$$00000011          0x0800017a   Section        0  libinit2.o(.ARM.Collect$$libinit$$00000011)
    .ARM.Collect$$libinit$$00000013          0x0800017a   Section        0  libinit2.o(.ARM.Collect$$libinit$$00000013)
    .ARM.Collect$$libinit$$00000015          0x0800017a   Section        0  libinit2.o(.ARM.Collect$$libinit$$00000015)
    .ARM.Collect$$libinit$$00000017          0x0800017a   Section        0  libinit2.o(.ARM.Collect$$libinit$$00000017)
    .ARM.Collect$$libinit$$00000019          0x0800017a   Section        0  libinit2.o(.ARM.Collect$$libinit$$00000019)
    .ARM.Collect$$libinit$$0000001B          0x0800017a   Section        0  libinit2.o(.ARM.Collect$$libinit$$0000001B)
    .ARM.Collect$$libinit$$0000001D          0x0800017a   Section        0  libinit2.o(.ARM.Collect$$libinit$$0000001D)
    .ARM.Collect$$libinit$$0000001F          0x0800017a   Section        0  libinit2.o(.ARM.Collect$$libinit$$0000001F)
    .ARM.Collect$$libinit$$00000021          0x0800017a   Section        0  libinit2.o(.ARM.Collect$$libinit$$00000021)
    .ARM.Collect$$libinit$$00000023          0x0800017a   Section        0  libinit2.o(.ARM.Collect$$libinit$$00000023)
    .ARM.Collect$$libinit$$0000002A          0x0800017a   Section        0  libinit2.o(.ARM.Collect$$libinit$$0000002A)
    .ARM.Collect$$libinit$$0000002C          0x0800017a   Section        0  libinit2.o(.ARM.Collect$$libinit$$0000002C)
    .ARM.Collect$$libinit$$0000002E          0x0800017a   Section        0  libinit2.o(.ARM.Collect$$libinit$$0000002E)
    .ARM.Collect$$libinit$$00000030          0x0800017a   Section        0  libinit2.o(.ARM.Collect$$libinit$$00000030)
    .ARM.Collect$$libinit$$00000031          0x0800017a   Section        2  libinit2.o(.ARM.Collect$$libinit$$00000031)
    .ARM.Collect$$libshutdown$$00000000      0x0800017c   Section        2  libshutdown.o(.ARM.Collect$$libshutdown$$00000000)
    .ARM.Collect$$libshutdown$$00000003      0x0800017e   Section        0  libshutdown2.o(.ARM.Collect$$libshutdown$$00000003)
    .ARM.Collect$$libshutdown$$00000006      0x0800017e   Section        0  libshutdown2.o(.ARM.Collect$$libshutdown$$00000006)
    .ARM.Collect$$libshutdown$$00000009      0x0800017e   Section        0  libshutdown2.o(.ARM.Collect$$libshutdown$$00000009)
    .ARM.Collect$$libshutdown$$0000000B      0x0800017e   Section        0  libshutdown2.o(.ARM.Collect$$libshutdown$$0000000B)
    .ARM.Collect$$libshutdown$$0000000E      0x0800017e   Section        0  libshutdown2.o(.ARM.Collect$$libshutdown$$0000000E)
    .ARM.Collect$$libshutdown$$0000000F      0x0800017e   Section        2  libshutdown2.o(.ARM.Collect$$libshutdown$$0000000F)
    .ARM.Collect$$rtentry$$00000000          0x08000180   Section        0  rtentry.o(.ARM.Collect$$rtentry$$00000000)
    .ARM.Collect$$rtentry$$00000002          0x08000180   Section        0  rtentry2.o(.ARM.Collect$$rtentry$$00000002)
    .ARM.Collect$$rtentry$$00000004          0x08000180   Section        6  rtentry4.o(.ARM.Collect$$rtentry$$00000004)
    .ARM.Collect$$rtentry$$00000009          0x08000186   Section        0  rtentry2.o(.ARM.Collect$$rtentry$$00000009)
    .ARM.Collect$$rtentry$$0000000A          0x08000186   Section        4  rtentry2.o(.ARM.Collect$$rtentry$$0000000A)
    .ARM.Collect$$rtentry$$0000000C          0x0800018a   Section        0  rtentry2.o(.ARM.Collect$$rtentry$$0000000C)
    .ARM.Collect$$rtentry$$0000000D          0x0800018a   Section        8  rtentry2.o(.ARM.Collect$$rtentry$$0000000D)
    .ARM.Collect$$rtexit$$00000000           0x08000192   Section        2  rtexit.o(.ARM.Collect$$rtexit$$00000000)
    .ARM.Collect$$rtexit$$00000002           0x08000194   Section        0  rtexit2.o(.ARM.Collect$$rtexit$$00000002)
    .ARM.Collect$$rtexit$$00000003           0x08000194   Section        4  rtexit2.o(.ARM.Collect$$rtexit$$00000003)
    .ARM.Collect$$rtexit$$00000004           0x08000198   Section        6  rtexit2.o(.ARM.Collect$$rtexit$$00000004)
    .emb_text                                0x080001a0   Section        0  maybetermalloc1.o(.emb_text)
    .text                                    0x080001a0   Section       64  startup_stm32f10x_md.o(.text)
    .text                                    0x080001e0   Section        0  misc.o(.text)
    .text                                    0x080002bc   Section        0  stm32f10x_gpio.o(.text)
    .text                                    0x08000618   Section        0  stm32f10x_rcc.o(.text)
    .text                                    0x080009bc   Section        0  stm32f10x_usart.o(.text)
    .text                                    0x08000dc4   Section        0  stm32f10x_exti.o(.text)
    .text                                    0x08000ee0   Section        0  stm32f10x_dma.o(.text)
    .text                                    0x08001134   Section        0  main.o(.text)
    .text                                    0x080014ec   Section        0  stm32f10x_it.o(.text)
    .text                                    0x080015e0   Section        0  system_stm32f10x.o(.text)
    SetSysClockTo72                          0x080015e1   Thumb Code   214  system_stm32f10x.o(.text)
    SetSysClock                              0x080016b7   Thumb Code     8  system_stm32f10x.o(.text)
    .text                                    0x080017c0   Section        0  redirect_fput.o(.text)
    .text                                    0x080017f8   Section        0  fifo.o(.text)
    fifo_copy_to                             0x08001861   Thumb Code    44  fifo.o(.text)
    fifo_copy_from                           0x080018c5   Thumb Code    44  fifo.o(.text)
    .text                                    0x08001980   Section        0  function.o(.text)
    .text                                    0x080019cc   Section        0  h1_alloc.o(.text)
    .text                                    0x08001a2a   Section        0  h1_free.o(.text)
    .text                                    0x08001a78   Section        0  noretval__2printf.o(.text)
    .text                                    0x08001a90   Section        0  __printf.o(.text)
    .text                                    0x08001af8   Section        0  _printf_dec.o(.text)
    .text                                    0x08001b6c   Section        0  _printf_hex_int.o(.text)
    .text                                    0x08001bc4   Section      138  rt_memcpy_v6.o(.text)
    .text                                    0x08001c4e   Section        0  heapauxi.o(.text)
    .text                                    0x08001c54   Section        8  rt_heap_descriptor_intlibspace.o(.text)
    .text                                    0x08001c5c   Section        0  hguard.o(.text)
    .text                                    0x08001c60   Section        0  init_alloc.o(.text)
    .text                                    0x08001cea   Section        0  h1_init.o(.text)
    .text                                    0x08001cf8   Section        0  _printf_intcommon.o(.text)
    .text                                    0x08001dac   Section        0  _printf_char_file.o(.text)
    .text                                    0x08001dd0   Section      100  rt_memcpy_w.o(.text)
    .text                                    0x08001e34   Section        8  libspace.o(.text)
    .text                                    0x08001e3c   Section        0  h1_extend.o(.text)
    .text                                    0x08001e70   Section        0  _printf_char_common.o(.text)
    _printf_input_char                       0x08001e71   Thumb Code    10  _printf_char_common.o(.text)
    .text                                    0x08001ea0   Section        0  ferror.o(.text)
    .text                                    0x08001ea8   Section        0  defsig_rtmem_outer.o(.text)
    .text                                    0x08001eb6   Section        2  use_no_semi.o(.text)
    .text                                    0x08001eb8   Section       74  sys_stackheap_outer.o(.text)
    .text                                    0x08001eb8   Section        0  indicate_semi.o(.text)
    .text                                    0x08001f02   Section        0  exit.o(.text)
    .text                                    0x08001f0e   Section        0  defsig_exit.o(.text)
    .text                                    0x08001f18   Section        0  defsig_rtmem_inner.o(.text)
    .text                                    0x08001f68   Section        0  sys_exit.o(.text)
    .text                                    0x08001f74   Section        0  defsig_general.o(.text)
    .text                                    0x08001fa6   Section        0  sys_wrch.o(.text)
    .constdata                               0x08001fb4   Section       40  _printf_hex_int.o(.constdata)
    uc_hextab                                0x08001fb4   Data          20  _printf_hex_int.o(.constdata)
    lc_hextab                                0x08001fc8   Data          20  _printf_hex_int.o(.constdata)
    .data                                    0x20000000   Section       20  stm32f10x_rcc.o(.data)
    APBAHBPrescTable                         0x20000000   Data          16  stm32f10x_rcc.o(.data)
    ADCPrescTable                            0x20000010   Data           4  stm32f10x_rcc.o(.data)
    .data                                    0x20000014   Section       41  main.o(.data)
    .data                                    0x20000040   Section       20  system_stm32f10x.o(.data)
    .data                                    0x20000054   Section        4  redirect_fput.o(.data)
    .bss                                     0x20000058   Section     6460  main.o(.bss)
    .bss                                     0x20001994   Section       96  libspace.o(.bss)
    HEAP                                     0x200019f8   Section      512  startup_stm32f10x_md.o(HEAP)
    Heap_Mem                                 0x200019f8   Data         512  startup_stm32f10x_md.o(HEAP)
    STACK                                    0x20001bf8   Section     1024  startup_stm32f10x_md.o(STACK)
    Stack_Mem                                0x20001bf8   Data        1024  startup_stm32f10x_md.o(STACK)
    __initial_sp                             0x20001ff8   Data           0  startup_stm32f10x_md.o(STACK)

    Global Symbols

    Symbol Name                              Value     Ov Type        Size  Object(Section)

    BuildAttributes$$THM_ISAv4$P$D$K$B$S$PE$A:L22UL41UL21$X:L11$S22US41US21$IEEE1$IW$USESV6$~STKCKD$USESV7$~SHL$OTIME$ROPI$EBA8$UX$STANDARDLIB$REQ8$PRES8$EABIv2 0x00000000   Number         0  anon$$obj.o ABSOLUTE
    __ARM_use_no_argv                        0x00000000   Number         0  main.o ABSOLUTE
    __ARM_exceptions_init                     - Undefined Weak Reference
    __alloca_initialize                       - Undefined Weak Reference
    __cpp_initialize__aeabi_                  - Undefined Weak Reference
    __cxa_finalize                            - Undefined Weak Reference
    __rt_locale                               - Undefined Weak Reference
    __sigvec_lookup                           - Undefined Weak Reference
    __user_heap_extent                        - Undefined Weak Reference
    _atexit_init                              - Undefined Weak Reference
    _call_atexit_fns                          - Undefined Weak Reference
    _clock_init                               - Undefined Weak Reference
    _fp_trap_init                             - Undefined Weak Reference
    _fp_trap_shutdown                         - Undefined Weak Reference
    _get_lc_collate                           - Undefined Weak Reference
    _get_lc_ctype                             - Undefined Weak Reference
    _get_lc_monetary                          - Undefined Weak Reference
    _get_lc_numeric                           - Undefined Weak Reference
    _get_lc_time                              - Undefined Weak Reference
    _getenv_init                              - Undefined Weak Reference
    _handle_redirection                       - Undefined Weak Reference
    _initio                                   - Undefined Weak Reference
    _mutex_acquire                            - Undefined Weak Reference
    _mutex_free                               - Undefined Weak Reference
    _mutex_release                            - Undefined Weak Reference
    _printf_post_padding                      - Undefined Weak Reference
    _printf_pre_padding                       - Undefined Weak Reference
    _printf_truncate_signed                   - Undefined Weak Reference
    _printf_truncate_unsigned                 - Undefined Weak Reference
    _rand_init                                - Undefined Weak Reference
    _signal_finish                            - Undefined Weak Reference
    _signal_init                              - Undefined Weak Reference
    _terminateio                              - Undefined Weak Reference
    __Vectors_Size                           0x000000ec   Number         0  startup_stm32f10x_md.o ABSOLUTE
    __Vectors                                0x08000000   Data           4  startup_stm32f10x_md.o(RESET)
    __Vectors_End                            0x080000ec   Data           0  startup_stm32f10x_md.o(RESET)
    __main                                   0x080000ed   Thumb Code     8  __main.o(!!!main)
    __scatterload                            0x080000f5   Thumb Code     0  __scatter.o(!!!scatter)
    __scatterload_rt2                        0x080000f5   Thumb Code    44  __scatter.o(!!!scatter)
    __scatterload_rt2_thumb_only             0x080000f5   Thumb Code     0  __scatter.o(!!!scatter)
    __scatterload_null                       0x08000103   Thumb Code     0  __scatter.o(!!!scatter)
    __scatterload_copy                       0x08000129   Thumb Code    26  __scatter_copy.o(!!handler_copy)
    __scatterload_zeroinit                   0x08000145   Thumb Code    28  __scatter_zi.o(!!handler_zi)
    _printf_d                                0x08000161   Thumb Code     0  _printf_d.o(.ARM.Collect$$_printf_percent$$00000009)
    _printf_percent                          0x08000161   Thumb Code     0  _printf_percent.o(.ARM.Collect$$_printf_percent$$00000000)
    _printf_x                                0x08000167   Thumb Code     0  _printf_x.o(.ARM.Collect$$_printf_percent$$0000000C)
    _printf_percent_end                      0x0800016d   Thumb Code     0  _printf_percent_end.o(.ARM.Collect$$_printf_percent$$00000017)
    __rt_lib_init                            0x08000171   Thumb Code     0  libinit.o(.ARM.Collect$$libinit$$00000000)
    __rt_lib_init_fp_1                       0x08000173   Thumb Code     0  libinit2.o(.ARM.Collect$$libinit$$00000002)
    __rt_lib_init_heap_2                     0x08000173   Thumb Code     0  libinit2.o(.ARM.Collect$$libinit$$00000003)
    __rt_lib_init_alloca_1                   0x0800017b   Thumb Code     0  libinit2.o(.ARM.Collect$$libinit$$0000002C)
    __rt_lib_init_argv_1                     0x0800017b   Thumb Code     0  libinit2.o(.ARM.Collect$$libinit$$0000002A)
    __rt_lib_init_atexit_1                   0x0800017b   Thumb Code     0  libinit2.o(.ARM.Collect$$libinit$$00000019)
    __rt_lib_init_clock_1                    0x0800017b   Thumb Code     0  libinit2.o(.ARM.Collect$$libinit$$0000001F)
    __rt_lib_init_cpp_1                      0x0800017b   Thumb Code     0  libinit2.o(.ARM.Collect$$libinit$$00000030)
    __rt_lib_init_exceptions_1               0x0800017b   Thumb Code     0  libinit2.o(.ARM.Collect$$libinit$$0000002E)
    __rt_lib_init_fp_trap_1                  0x0800017b   Thumb Code     0  libinit2.o(.ARM.Collect$$libinit$$0000001D)
    __rt_lib_init_getenv_1                   0x0800017b   Thumb Code     0  libinit2.o(.ARM.Collect$$libinit$$00000021)
    __rt_lib_init_heap_1                     0x0800017b   Thumb Code     0  libinit2.o(.ARM.Collect$$libinit$$00000008)
    __rt_lib_init_lc_collate_1               0x0800017b   Thumb Code     0  libinit2.o(.ARM.Collect$$libinit$$0000000F)
    __rt_lib_init_lc_ctype_1                 0x0800017b   Thumb Code     0  libinit2.o(.ARM.Collect$$libinit$$00000011)
    __rt_lib_init_lc_monetary_1              0x0800017b   Thumb Code     0  libinit2.o(.ARM.Collect$$libinit$$00000013)
    __rt_lib_init_lc_numeric_1               0x0800017b   Thumb Code     0  libinit2.o(.ARM.Collect$$libinit$$00000015)
    __rt_lib_init_lc_time_1                  0x0800017b   Thumb Code     0  libinit2.o(.ARM.Collect$$libinit$$00000017)
    __rt_lib_init_rand_1                     0x0800017b   Thumb Code     0  libinit2.o(.ARM.Collect$$libinit$$0000000C)
    __rt_lib_init_return                     0x0800017b   Thumb Code     0  libinit2.o(.ARM.Collect$$libinit$$00000031)
    __rt_lib_init_signal_1                   0x0800017b   Thumb Code     0  libinit2.o(.ARM.Collect$$libinit$$0000001B)
    __rt_lib_init_stdio_1                    0x0800017b   Thumb Code     0  libinit2.o(.ARM.Collect$$libinit$$00000023)
    __rt_lib_init_user_alloc_1               0x0800017b   Thumb Code     0  libinit2.o(.ARM.Collect$$libinit$$0000000A)
    __rt_lib_shutdown                        0x0800017d   Thumb Code     0  libshutdown.o(.ARM.Collect$$libshutdown$$00000000)
    __rt_lib_shutdown_fp_trap_1              0x0800017f   Thumb Code     0  libshutdown2.o(.ARM.Collect$$libshutdown$$00000006)
    __rt_lib_shutdown_heap_1                 0x0800017f   Thumb Code     0  libshutdown2.o(.ARM.Collect$$libshutdown$$0000000E)
    __rt_lib_shutdown_return                 0x0800017f   Thumb Code     0  libshutdown2.o(.ARM.Collect$$libshutdown$$0000000F)
    __rt_lib_shutdown_signal_1               0x0800017f   Thumb Code     0  libshutdown2.o(.ARM.Collect$$libshutdown$$00000009)
    __rt_lib_shutdown_stdio_1                0x0800017f   Thumb Code     0  libshutdown2.o(.ARM.Collect$$libshutdown$$00000003)
    __rt_lib_shutdown_user_alloc_1           0x0800017f   Thumb Code     0  libshutdown2.o(.ARM.Collect$$libshutdown$$0000000B)
    __rt_entry                               0x08000181   Thumb Code     0  rtentry.o(.ARM.Collect$$rtentry$$00000000)
    __rt_entry_presh_1                       0x08000181   Thumb Code     0  rtentry2.o(.ARM.Collect$$rtentry$$00000002)
    __rt_entry_sh                            0x08000181   Thumb Code     0  rtentry4.o(.ARM.Collect$$rtentry$$00000004)
    __rt_entry_li                            0x08000187   Thumb Code     0  rtentry2.o(.ARM.Collect$$rtentry$$0000000A)
    __rt_entry_postsh_1                      0x08000187   Thumb Code     0  rtentry2.o(.ARM.Collect$$rtentry$$00000009)
    __rt_entry_main                          0x0800018b   Thumb Code     0  rtentry2.o(.ARM.Collect$$rtentry$$0000000D)
    __rt_entry_postli_1                      0x0800018b   Thumb Code     0  rtentry2.o(.ARM.Collect$$rtentry$$0000000C)
    __rt_exit                                0x08000193   Thumb Code     0  rtexit.o(.ARM.Collect$$rtexit$$00000000)
    __rt_exit_ls                             0x08000195   Thumb Code     0  rtexit2.o(.ARM.Collect$$rtexit$$00000003)
    __rt_exit_prels_1                        0x08000195   Thumb Code     0  rtexit2.o(.ARM.Collect$$rtexit$$00000002)
    __rt_exit_exit                           0x08000199   Thumb Code     0  rtexit2.o(.ARM.Collect$$rtexit$$00000004)
    Reset_Handler                            0x080001a1   Thumb Code     8  startup_stm32f10x_md.o(.text)
    _maybe_terminate_alloc                   0x080001a1   Thumb Code     0  maybetermalloc1.o(.emb_text)
    ADC1_2_IRQHandler                        0x080001bb   Thumb Code     0  startup_stm32f10x_md.o(.text)
    CAN1_RX1_IRQHandler                      0x080001bb   Thumb Code     0  startup_stm32f10x_md.o(.text)
    CAN1_SCE_IRQHandler                      0x080001bb   Thumb Code     0  startup_stm32f10x_md.o(.text)
    DMA1_Channel2_IRQHandler                 0x080001bb   Thumb Code     0  startup_stm32f10x_md.o(.text)
    DMA1_Channel3_IRQHandler                 0x080001bb   Thumb Code     0  startup_stm32f10x_md.o(.text)
    DMA1_Channel4_IRQHandler                 0x080001bb   Thumb Code     0  startup_stm32f10x_md.o(.text)
    DMA1_Channel5_IRQHandler                 0x080001bb   Thumb Code     0  startup_stm32f10x_md.o(.text)
    DMA1_Channel6_IRQHandler                 0x080001bb   Thumb Code     0  startup_stm32f10x_md.o(.text)
    DMA1_Channel7_IRQHandler                 0x080001bb   Thumb Code     0  startup_stm32f10x_md.o(.text)
    EXTI0_IRQHandler                         0x080001bb   Thumb Code     0  startup_stm32f10x_md.o(.text)
    EXTI15_10_IRQHandler                     0x080001bb   Thumb Code     0  startup_stm32f10x_md.o(.text)
    EXTI1_IRQHandler                         0x080001bb   Thumb Code     0  startup_stm32f10x_md.o(.text)
    EXTI2_IRQHandler                         0x080001bb   Thumb Code     0  startup_stm32f10x_md.o(.text)
    EXTI3_IRQHandler                         0x080001bb   Thumb Code     0  startup_stm32f10x_md.o(.text)
    FLASH_IRQHandler                         0x080001bb   Thumb Code     0  startup_stm32f10x_md.o(.text)
    I2C1_ER_IRQHandler                       0x080001bb   Thumb Code     0  startup_stm32f10x_md.o(.text)
    I2C1_EV_IRQHandler                       0x080001bb   Thumb Code     0  startup_stm32f10x_md.o(.text)
    I2C2_ER_IRQHandler                       0x080001bb   Thumb Code     0  startup_stm32f10x_md.o(.text)
    I2C2_EV_IRQHandler                       0x080001bb   Thumb Code     0  startup_stm32f10x_md.o(.text)
    PVD_IRQHandler                           0x080001bb   Thumb Code     0  startup_stm32f10x_md.o(.text)
    RCC_IRQHandler                           0x080001bb   Thumb Code     0  startup_stm32f10x_md.o(.text)
    RTCAlarm_IRQHandler                      0x080001bb   Thumb Code     0  startup_stm32f10x_md.o(.text)
    RTC_IRQHandler                           0x080001bb   Thumb Code     0  startup_stm32f10x_md.o(.text)
    SPI1_IRQHandler                          0x080001bb   Thumb Code     0  startup_stm32f10x_md.o(.text)
    SPI2_IRQHandler                          0x080001bb   Thumb Code     0  startup_stm32f10x_md.o(.text)
    TAMPER_IRQHandler                        0x080001bb   Thumb Code     0  startup_stm32f10x_md.o(.text)
    TIM1_BRK_IRQHandler                      0x080001bb   Thumb Code     0  startup_stm32f10x_md.o(.text)
    TIM1_CC_IRQHandler                       0x080001bb   Thumb Code     0  startup_stm32f10x_md.o(.text)
    TIM1_TRG_COM_IRQHandler                  0x080001bb   Thumb Code     0  startup_stm32f10x_md.o(.text)
    TIM1_UP_IRQHandler                       0x080001bb   Thumb Code     0  startup_stm32f10x_md.o(.text)
    TIM2_IRQHandler                          0x080001bb   Thumb Code     0  startup_stm32f10x_md.o(.text)
    TIM3_IRQHandler                          0x080001bb   Thumb Code     0  startup_stm32f10x_md.o(.text)
    TIM4_IRQHandler                          0x080001bb   Thumb Code     0  startup_stm32f10x_md.o(.text)
    USART1_IRQHandler                        0x080001bb   Thumb Code     0  startup_stm32f10x_md.o(.text)
    USART2_IRQHandler                        0x080001bb   Thumb Code     0  startup_stm32f10x_md.o(.text)
    USBWakeUp_IRQHandler                     0x080001bb   Thumb Code     0  startup_stm32f10x_md.o(.text)
    USB_HP_CAN1_TX_IRQHandler                0x080001bb   Thumb Code     0  startup_stm32f10x_md.o(.text)
    USB_LP_CAN1_RX0_IRQHandler               0x080001bb   Thumb Code     0  startup_stm32f10x_md.o(.text)
    WWDG_IRQHandler                          0x080001bb   Thumb Code     0  startup_stm32f10x_md.o(.text)
    __user_initial_stackheap                 0x080001bd   Thumb Code     0  startup_stm32f10x_md.o(.text)
    NVIC_PriorityGroupConfig                 0x080001e1   Thumb Code    10  misc.o(.text)
    NVIC_Init                                0x080001eb   Thumb Code   100  misc.o(.text)
    NVIC_SetVectorTable                      0x0800024f   Thumb Code    14  misc.o(.text)
    NVIC_SystemLPConfig                      0x0800025d   Thumb Code    34  misc.o(.text)
    SysTick_CLKSourceConfig                  0x0800027f   Thumb Code    40  misc.o(.text)
    GPIO_DeInit                              0x080002bd   Thumb Code   172  stm32f10x_gpio.o(.text)
    GPIO_AFIODeInit                          0x08000369   Thumb Code    20  stm32f10x_gpio.o(.text)
    GPIO_Init                                0x0800037d   Thumb Code   278  stm32f10x_gpio.o(.text)
    GPIO_StructInit                          0x08000493   Thumb Code    16  stm32f10x_gpio.o(.text)
    GPIO_ReadInputDataBit                    0x080004a3   Thumb Code    18  stm32f10x_gpio.o(.text)
    GPIO_ReadInputData                       0x080004b5   Thumb Code     8  stm32f10x_gpio.o(.text)
    GPIO_ReadOutputDataBit                   0x080004bd   Thumb Code    18  stm32f10x_gpio.o(.text)
    GPIO_ReadOutputData                      0x080004cf   Thumb Code     8  stm32f10x_gpio.o(.text)
    GPIO_SetBits                             0x080004d7   Thumb Code     4  stm32f10x_gpio.o(.text)
    GPIO_ResetBits                           0x080004db   Thumb Code     4  stm32f10x_gpio.o(.text)
    GPIO_WriteBit                            0x080004df   Thumb Code    10  stm32f10x_gpio.o(.text)
    GPIO_Write                               0x080004e9   Thumb Code     4  stm32f10x_gpio.o(.text)
    GPIO_PinLockConfig                       0x080004ed   Thumb Code    18  stm32f10x_gpio.o(.text)
    GPIO_EventOutputConfig                   0x080004ff   Thumb Code    26  stm32f10x_gpio.o(.text)
    GPIO_EventOutputCmd                      0x08000519   Thumb Code     6  stm32f10x_gpio.o(.text)
    GPIO_PinRemapConfig                      0x0800051f   Thumb Code   138  stm32f10x_gpio.o(.text)
    GPIO_EXTILineConfig                      0x080005a9   Thumb Code    66  stm32f10x_gpio.o(.text)
    GPIO_ETH_MediaInterfaceConfig            0x080005eb   Thumb Code     8  stm32f10x_gpio.o(.text)
    RCC_DeInit                               0x08000619   Thumb Code    64  stm32f10x_rcc.o(.text)
    RCC_HSEConfig                            0x08000659   Thumb Code    70  stm32f10x_rcc.o(.text)
    RCC_GetFlagStatus                        0x0800069f   Thumb Code    56  stm32f10x_rcc.o(.text)
    RCC_WaitForHSEStartUp                    0x080006d7   Thumb Code    56  stm32f10x_rcc.o(.text)
    RCC_AdjustHSICalibrationValue            0x0800070f   Thumb Code    20  stm32f10x_rcc.o(.text)
    RCC_HSICmd                               0x08000723   Thumb Code     6  stm32f10x_rcc.o(.text)
    RCC_PLLConfig                            0x08000729   Thumb Code    24  stm32f10x_rcc.o(.text)
    RCC_PLLCmd                               0x08000741   Thumb Code     6  stm32f10x_rcc.o(.text)
    RCC_SYSCLKConfig                         0x08000747   Thumb Code    18  stm32f10x_rcc.o(.text)
    RCC_GetSYSCLKSource                      0x08000759   Thumb Code    10  stm32f10x_rcc.o(.text)
    RCC_HCLKConfig                           0x08000763   Thumb Code    18  stm32f10x_rcc.o(.text)
    RCC_PCLK1Config                          0x08000775   Thumb Code    18  stm32f10x_rcc.o(.text)
    RCC_PCLK2Config                          0x08000787   Thumb Code    20  stm32f10x_rcc.o(.text)
    RCC_ITConfig                             0x0800079b   Thumb Code    26  stm32f10x_rcc.o(.text)
    RCC_USBCLKConfig                         0x080007b5   Thumb Code     8  stm32f10x_rcc.o(.text)
    RCC_ADCCLKConfig                         0x080007bd   Thumb Code    18  stm32f10x_rcc.o(.text)
    RCC_LSEConfig                            0x080007cf   Thumb Code    50  stm32f10x_rcc.o(.text)
    RCC_LSICmd                               0x08000801   Thumb Code     6  stm32f10x_rcc.o(.text)
    RCC_RTCCLKConfig                         0x08000807   Thumb Code    12  stm32f10x_rcc.o(.text)
    RCC_RTCCLKCmd                            0x08000813   Thumb Code     8  stm32f10x_rcc.o(.text)
    RCC_GetClocksFreq                        0x0800081b   Thumb Code   192  stm32f10x_rcc.o(.text)
    RCC_AHBPeriphClockCmd                    0x080008db   Thumb Code    26  stm32f10x_rcc.o(.text)
    RCC_APB2PeriphClockCmd                   0x080008f5   Thumb Code    26  stm32f10x_rcc.o(.text)
    RCC_APB1PeriphClockCmd                   0x0800090f   Thumb Code    26  stm32f10x_rcc.o(.text)
    RCC_APB2PeriphResetCmd                   0x08000929   Thumb Code    26  stm32f10x_rcc.o(.text)
    RCC_APB1PeriphResetCmd                   0x08000943   Thumb Code    26  stm32f10x_rcc.o(.text)
    RCC_BackupResetCmd                       0x0800095d   Thumb Code     8  stm32f10x_rcc.o(.text)
    RCC_ClockSecuritySystemCmd               0x08000965   Thumb Code     6  stm32f10x_rcc.o(.text)
    RCC_MCOConfig                            0x0800096b   Thumb Code     6  stm32f10x_rcc.o(.text)
    RCC_ClearFlag                            0x08000971   Thumb Code    14  stm32f10x_rcc.o(.text)
    RCC_GetITStatus                          0x0800097f   Thumb Code    20  stm32f10x_rcc.o(.text)
    RCC_ClearITPendingBit                    0x08000993   Thumb Code     6  stm32f10x_rcc.o(.text)
    USART_DeInit                             0x080009bd   Thumb Code   134  stm32f10x_usart.o(.text)
    USART_Init                               0x08000a43   Thumb Code   210  stm32f10x_usart.o(.text)
    USART_StructInit                         0x08000b15   Thumb Code    24  stm32f10x_usart.o(.text)
    USART_ClockInit                          0x08000b2d   Thumb Code    34  stm32f10x_usart.o(.text)
    USART_ClockStructInit                    0x08000b4f   Thumb Code    12  stm32f10x_usart.o(.text)
    USART_Cmd                                0x08000b5b   Thumb Code    24  stm32f10x_usart.o(.text)
    USART_ITConfig                           0x08000b73   Thumb Code    74  stm32f10x_usart.o(.text)
    USART_DMACmd                             0x08000bbd   Thumb Code    18  stm32f10x_usart.o(.text)
    USART_SetAddress                         0x08000bcf   Thumb Code    18  stm32f10x_usart.o(.text)
    USART_WakeUpConfig                       0x08000be1   Thumb Code    18  stm32f10x_usart.o(.text)
    USART_ReceiverWakeUpCmd                  0x08000bf3   Thumb Code    24  stm32f10x_usart.o(.text)
    USART_LINBreakDetectLengthConfig         0x08000c0b   Thumb Code    18  stm32f10x_usart.o(.text)
    USART_LINCmd                             0x08000c1d   Thumb Code    24  stm32f10x_usart.o(.text)
    USART_SendData                           0x08000c35   Thumb Code     8  stm32f10x_usart.o(.text)
    USART_ReceiveData                        0x08000c3d   Thumb Code    10  stm32f10x_usart.o(.text)
    USART_SendBreak                          0x08000c47   Thumb Code    10  stm32f10x_usart.o(.text)
    USART_SetGuardTime                       0x08000c51   Thumb Code    16  stm32f10x_usart.o(.text)
    USART_SetPrescaler                       0x08000c61   Thumb Code    16  stm32f10x_usart.o(.text)
    USART_SmartCardCmd                       0x08000c71   Thumb Code    24  stm32f10x_usart.o(.text)
    USART_SmartCardNACKCmd                   0x08000c89   Thumb Code    24  stm32f10x_usart.o(.text)
    USART_HalfDuplexCmd                      0x08000ca1   Thumb Code    24  stm32f10x_usart.o(.text)
    USART_OverSampling8Cmd                   0x08000cb9   Thumb Code    22  stm32f10x_usart.o(.text)
    USART_OneBitMethodCmd                    0x08000ccf   Thumb Code    24  stm32f10x_usart.o(.text)
    USART_IrDAConfig                         0x08000ce7   Thumb Code    18  stm32f10x_usart.o(.text)
    USART_IrDACmd                            0x08000cf9   Thumb Code    24  stm32f10x_usart.o(.text)
    USART_GetFlagStatus                      0x08000d11   Thumb Code    26  stm32f10x_usart.o(.text)
    USART_ClearFlag                          0x08000d2b   Thumb Code    18  stm32f10x_usart.o(.text)
    USART_GetITStatus                        0x08000d3d   Thumb Code    84  stm32f10x_usart.o(.text)
    USART_ClearITPendingBit                  0x08000d91   Thumb Code    52  stm32f10x_usart.o(.text)
    EXTI_DeInit                              0x08000dc5   Thumb Code    28  stm32f10x_exti.o(.text)
    EXTI_Init                                0x08000de1   Thumb Code   142  stm32f10x_exti.o(.text)
    EXTI_StructInit                          0x08000e6f   Thumb Code    16  stm32f10x_exti.o(.text)
    EXTI_GenerateSWInterrupt                 0x08000e7f   Thumb Code    16  stm32f10x_exti.o(.text)
    EXTI_GetFlagStatus                       0x08000e8f   Thumb Code    22  stm32f10x_exti.o(.text)
    EXTI_ClearFlag                           0x08000ea5   Thumb Code     8  stm32f10x_exti.o(.text)
    EXTI_GetITStatus                         0x08000ead   Thumb Code    34  stm32f10x_exti.o(.text)
    EXTI_ClearITPendingBit                   0x08000ecf   Thumb Code     8  stm32f10x_exti.o(.text)
    DMA_DeInit                               0x08000ee1   Thumb Code   324  stm32f10x_dma.o(.text)
    DMA_Init                                 0x08001025   Thumb Code    60  stm32f10x_dma.o(.text)
    DMA_StructInit                           0x08001061   Thumb Code    26  stm32f10x_dma.o(.text)
    DMA_Cmd                                  0x0800107b   Thumb Code    24  stm32f10x_dma.o(.text)
    DMA_ITConfig                             0x08001093   Thumb Code    18  stm32f10x_dma.o(.text)
    DMA_SetCurrDataCounter                   0x080010a5   Thumb Code     4  stm32f10x_dma.o(.text)
    DMA_GetCurrDataCounter                   0x080010a9   Thumb Code     8  stm32f10x_dma.o(.text)
    DMA_GetFlagStatus                        0x080010b1   Thumb Code    40  stm32f10x_dma.o(.text)
    DMA_ClearFlag                            0x080010d9   Thumb Code    22  stm32f10x_dma.o(.text)
    DMA_GetITStatus                          0x080010ef   Thumb Code    40  stm32f10x_dma.o(.text)
    DMA_ClearITPendingBit                    0x08001117   Thumb Code    22  stm32f10x_dma.o(.text)
    main                                     0x08001135   Thumb Code   816  main.o(.text)
    DMA1_Channel1_IRQHandler                 0x080014ed   Thumb Code    38  stm32f10x_it.o(.text)
    USART3_IRQHandler                        0x08001513   Thumb Code    48  stm32f10x_it.o(.text)
    EXTI9_5_IRQHandler                       0x08001543   Thumb Code    26  stm32f10x_it.o(.text)
    EXTI4_IRQHandler                         0x0800155d   Thumb Code    26  stm32f10x_it.o(.text)
    NMI_Handler                              0x08001577   Thumb Code     2  stm32f10x_it.o(.text)
    HardFault_Handler                        0x08001579   Thumb Code     4  stm32f10x_it.o(.text)
    MemManage_Handler                        0x0800157d   Thumb Code     4  stm32f10x_it.o(.text)
    BusFault_Handler                         0x08001581   Thumb Code     4  stm32f10x_it.o(.text)
    UsageFault_Handler                       0x08001585   Thumb Code     4  stm32f10x_it.o(.text)
    SVC_Handler                              0x08001589   Thumb Code     2  stm32f10x_it.o(.text)
    DebugMon_Handler                         0x0800158b   Thumb Code     2  stm32f10x_it.o(.text)
    PendSV_Handler                           0x0800158d   Thumb Code     2  stm32f10x_it.o(.text)
    SysTick_Handler                          0x0800158f   Thumb Code    12  stm32f10x_it.o(.text)
    SystemInit                               0x080016bf   Thumb Code    78  system_stm32f10x.o(.text)
    SystemCoreClockUpdate                    0x0800170d   Thumb Code   142  system_stm32f10x.o(.text)
    delay                                    0x080017c1   Thumb Code    26  redirect_fput.o(.text)
    fputc                                    0x080017db   Thumb Code    24  redirect_fput.o(.text)
    fifo_create                              0x080017f9   Thumb Code    68  fifo.o(.text)
    fifo_create_static                       0x0800183d   Thumb Code    36  fifo.o(.text)
    fifo_is_full                             0x0800188d   Thumb Code    18  fifo.o(.text)
    fifo_add                                 0x0800189f   Thumb Code    38  fifo.o(.text)
    fifo_is_empty                            0x080018f1   Thumb Code    14  fifo.o(.text)
    fifo_get                                 0x080018ff   Thumb Code    38  fifo.o(.text)
    fifo_left                                0x08001925   Thumb Code    12  fifo.o(.text)
    fifo_discard                             0x08001931   Thumb Code    78  fifo.o(.text)
    Delay_ms                                 0x08001981   Thumb Code    18  function.o(.text)
    get_buffer                               0x08001993   Thumb Code    50  function.o(.text)
    malloc                                   0x080019cd   Thumb Code    94  h1_alloc.o(.text)
    free                                     0x08001a2b   Thumb Code    78  h1_free.o(.text)
    __2printf                                0x08001a79   Thumb Code    20  noretval__2printf.o(.text)
    __printf                                 0x08001a91   Thumb Code   104  __printf.o(.text)
    _printf_int_dec                          0x08001af9   Thumb Code   100  _printf_dec.o(.text)
    _printf_int_hex                          0x08001b6d   Thumb Code    84  _printf_hex_int.o(.text)
    _printf_longlong_hex                     0x08001b6d   Thumb Code     0  _printf_hex_int.o(.text)
    __aeabi_memcpy                           0x08001bc5   Thumb Code     0  rt_memcpy_v6.o(.text)
    __rt_memcpy                              0x08001bc5   Thumb Code   138  rt_memcpy_v6.o(.text)
    _memcpy_lastbytes                        0x08001c2b   Thumb Code     0  rt_memcpy_v6.o(.text)
    __use_two_region_memory                  0x08001c4f   Thumb Code     2  heapauxi.o(.text)
    __rt_heap_escrow                         0x08001c51   Thumb Code     2  heapauxi.o(.text)
    __rt_heap_expand                         0x08001c53   Thumb Code     2  heapauxi.o(.text)
    __rt_heap_descriptor                     0x08001c55   Thumb Code     8  rt_heap_descriptor_intlibspace.o(.text)
    __use_no_heap                            0x08001c5d   Thumb Code     2  hguard.o(.text)
    __heap$guard                             0x08001c5f   Thumb Code     2  hguard.o(.text)
    _terminate_user_alloc                    0x08001c61   Thumb Code     2  init_alloc.o(.text)
    _init_user_alloc                         0x08001c63   Thumb Code     2  init_alloc.o(.text)
    __Heap_Full                              0x08001c65   Thumb Code    34  init_alloc.o(.text)
    __Heap_Broken                            0x08001c87   Thumb Code     6  init_alloc.o(.text)
    _init_alloc                              0x08001c8d   Thumb Code    94  init_alloc.o(.text)
    __Heap_Initialize                        0x08001ceb   Thumb Code    10  h1_init.o(.text)
    __Heap_DescSize                          0x08001cf5   Thumb Code     4  h1_init.o(.text)
    _printf_int_common                       0x08001cf9   Thumb Code   178  _printf_intcommon.o(.text)
    _printf_char_file                        0x08001dad   Thumb Code    32  _printf_char_file.o(.text)
    __aeabi_memcpy4                          0x08001dd1   Thumb Code     0  rt_memcpy_w.o(.text)
    __aeabi_memcpy8                          0x08001dd1   Thumb Code     0  rt_memcpy_w.o(.text)
    __rt_memcpy_w                            0x08001dd1   Thumb Code   100  rt_memcpy_w.o(.text)
    _memcpy_lastbytes_aligned                0x08001e19   Thumb Code     0  rt_memcpy_w.o(.text)
    __user_libspace                          0x08001e35   Thumb Code     8  libspace.o(.text)
    __user_perproc_libspace                  0x08001e35   Thumb Code     0  libspace.o(.text)
    __user_perthread_libspace                0x08001e35   Thumb Code     0  libspace.o(.text)
    __Heap_ProvideMemory                     0x08001e3d   Thumb Code    52  h1_extend.o(.text)
    _printf_char_common                      0x08001e7b   Thumb Code    32  _printf_char_common.o(.text)
    ferror                                   0x08001ea1   Thumb Code     8  ferror.o(.text)
    __rt_SIGRTMEM                            0x08001ea9   Thumb Code    14  defsig_rtmem_outer.o(.text)
    __I$use$semihosting                      0x08001eb7   Thumb Code     0  use_no_semi.o(.text)
    __use_no_semihosting_swi                 0x08001eb7   Thumb Code     2  use_no_semi.o(.text)
    __semihosting_library_function           0x08001eb9   Thumb Code     0  indicate_semi.o(.text)
    __user_setup_stackheap                   0x08001eb9   Thumb Code    74  sys_stackheap_outer.o(.text)
    exit                                     0x08001f03   Thumb Code    12  exit.o(.text)
    __sig_exit                               0x08001f0f   Thumb Code    10  defsig_exit.o(.text)
    __rt_SIGRTMEM_inner                      0x08001f19   Thumb Code    22  defsig_rtmem_inner.o(.text)
    _sys_exit                                0x08001f69   Thumb Code     8  sys_exit.o(.text)
    __default_signal_display                 0x08001f75   Thumb Code    50  defsig_general.o(.text)
    _ttywrch                                 0x08001fa7   Thumb Code    14  sys_wrch.o(.text)
    Region$$Table$$Base                      0x08001fdc   Number         0  anon$$obj.o(Region$$Table)
    Region$$Table$$Limit                     0x08001ffc   Number         0  anon$$obj.o(Region$$Table)
    GPIO_InitStruct                          0x20000014   Data           4  main.o(.data)
    EXTI_InitStructure                       0x20000018   Data           8  main.o(.data)
    NVIC_InitStructure                       0x20000020   Data           4  main.o(.data)
    e_Systick_ui32                           0x20000024   Data           4  main.o(.data)
    e_BUFFER_ui8                             0x20000028   Data           4  main.o(.data)
    j                                        0x2000002c   Data           4  main.o(.data)
    m                                        0x20000030   Data           4  main.o(.data)
    array                                    0x20000034   Data           4  main.o(.data)
    g_CurrentTick_ui32                       0x20000038   Data           4  main.o(.data)
    e_DMA_Flag_ui8                           0x2000003c   Data           1  main.o(.data)
    SystemCoreClock                          0x20000040   Data           4  system_stm32f10x.o(.data)
    AHBPrescTable                            0x20000044   Data          16  system_stm32f10x.o(.data)
    __stdout                                 0x20000054   Data           4  redirect_fput.o(.data)
    UART_InitStruct                          0x20000058   Data          16  main.o(.bss)
    g_DMA_InitStructure_st                   0x20000068   Data          44  main.o(.bss)
    g_Source_ui32                            0x20000094   Data        3200  main.o(.bss)
    g_Destination_ui32                       0x20000d14   Data        3200  main.o(.bss)
    __libspace_start                         0x20001994   Data          96  libspace.o(.bss)
    __temporary_stack_top$libspace           0x200019f4   Data           0  libspace.o(.bss)



==============================================================================

Memory Map of the image

  Image Entry point : 0x080000ed

  Load Region LR_IROM1 (Base: 0x08000000, Size: 0x00002054, Max: 0x00010000, ABSOLUTE)

    Execution Region ER_IROM1 (Base: 0x08000000, Size: 0x00001ffc, Max: 0x00010000, ABSOLUTE)

    Base Addr    Size         Type   Attr      Idx    E Section Name        Object

    0x08000000   0x000000ec   Data   RO           19    RESET               startup_stm32f10x_md.o
    0x080000ec   0x00000008   Code   RO          494  * !!!main             c_w.l(__main.o)
    0x080000f4   0x00000034   Code   RO          707    !!!scatter          c_w.l(__scatter.o)
    0x08000128   0x0000001a   Code   RO          709    !!handler_copy      c_w.l(__scatter_copy.o)
    0x08000142   0x00000002   PAD
    0x08000144   0x0000001c   Code   RO          711    !!handler_zi        c_w.l(__scatter_zi.o)
    0x08000160   0x00000000   Code   RO          489    .ARM.Collect$$_printf_percent$$00000000  c_w.l(_printf_percent.o)
    0x08000160   0x00000006   Code   RO          488    .ARM.Collect$$_printf_percent$$00000009  c_w.l(_printf_d.o)
    0x08000166   0x00000006   Code   RO          487    .ARM.Collect$$_printf_percent$$0000000C  c_w.l(_printf_x.o)
    0x0800016c   0x00000004   Code   RO          528    .ARM.Collect$$_printf_percent$$00000017  c_w.l(_printf_percent_end.o)
    0x08000170   0x00000002   Code   RO          647    .ARM.Collect$$libinit$$00000000  c_w.l(libinit.o)
    0x08000172   0x00000000   Code   RO          534    .ARM.Collect$$libinit$$00000002  c_w.l(libinit2.o)
    0x08000172   0x00000008   Code   RO          535    .ARM.Collect$$libinit$$00000003  c_w.l(libinit2.o)
    0x0800017a   0x00000000   Code   RO          537    .ARM.Collect$$libinit$$00000008  c_w.l(libinit2.o)
    0x0800017a   0x00000000   Code   RO          539    .ARM.Collect$$libinit$$0000000A  c_w.l(libinit2.o)
    0x0800017a   0x00000000   Code   RO          541    .ARM.Collect$$libinit$$0000000C  c_w.l(libinit2.o)
    0x0800017a   0x00000000   Code   RO          544    .ARM.Collect$$libinit$$0000000F  c_w.l(libinit2.o)
    0x0800017a   0x00000000   Code   RO          546    .ARM.Collect$$libinit$$00000011  c_w.l(libinit2.o)
    0x0800017a   0x00000000   Code   RO          548    .ARM.Collect$$libinit$$00000013  c_w.l(libinit2.o)
    0x0800017a   0x00000000   Code   RO          550    .ARM.Collect$$libinit$$00000015  c_w.l(libinit2.o)
    0x0800017a   0x00000000   Code   RO          552    .ARM.Collect$$libinit$$00000017  c_w.l(libinit2.o)
    0x0800017a   0x00000000   Code   RO          554    .ARM.Collect$$libinit$$00000019  c_w.l(libinit2.o)
    0x0800017a   0x00000000   Code   RO          556    .ARM.Collect$$libinit$$0000001B  c_w.l(libinit2.o)
    0x0800017a   0x00000000   Code   RO          558    .ARM.Collect$$libinit$$0000001D  c_w.l(libinit2.o)
    0x0800017a   0x00000000   Code   RO          560    .ARM.Collect$$libinit$$0000001F  c_w.l(libinit2.o)
    0x0800017a   0x00000000   Code   RO          562    .ARM.Collect$$libinit$$00000021  c_w.l(libinit2.o)
    0x0800017a   0x00000000   Code   RO          564    .ARM.Collect$$libinit$$00000023  c_w.l(libinit2.o)
    0x0800017a   0x00000000   Code   RO          568    .ARM.Collect$$libinit$$0000002A  c_w.l(libinit2.o)
    0x0800017a   0x00000000   Code   RO          570    .ARM.Collect$$libinit$$0000002C  c_w.l(libinit2.o)
    0x0800017a   0x00000000   Code   RO          572    .ARM.Collect$$libinit$$0000002E  c_w.l(libinit2.o)
    0x0800017a   0x00000000   Code   RO          574    .ARM.Collect$$libinit$$00000030  c_w.l(libinit2.o)
    0x0800017a   0x00000002   Code   RO          575    .ARM.Collect$$libinit$$00000031  c_w.l(libinit2.o)
    0x0800017c   0x00000002   Code   RO          704    .ARM.Collect$$libshutdown$$00000000  c_w.l(libshutdown.o)
    0x0800017e   0x00000000   Code   RO          662    .ARM.Collect$$libshutdown$$00000003  c_w.l(libshutdown2.o)
    0x0800017e   0x00000000   Code   RO          665    .ARM.Collect$$libshutdown$$00000006  c_w.l(libshutdown2.o)
    0x0800017e   0x00000000   Code   RO          668    .ARM.Collect$$libshutdown$$00000009  c_w.l(libshutdown2.o)
    0x0800017e   0x00000000   Code   RO          670    .ARM.Collect$$libshutdown$$0000000B  c_w.l(libshutdown2.o)
    0x0800017e   0x00000000   Code   RO          673    .ARM.Collect$$libshutdown$$0000000E  c_w.l(libshutdown2.o)
    0x0800017e   0x00000002   Code   RO          674    .ARM.Collect$$libshutdown$$0000000F  c_w.l(libshutdown2.o)
    0x08000180   0x00000000   Code   RO          498    .ARM.Collect$$rtentry$$00000000  c_w.l(rtentry.o)
    0x08000180   0x00000000   Code   RO          582    .ARM.Collect$$rtentry$$00000002  c_w.l(rtentry2.o)
    0x08000180   0x00000006   Code   RO          594    .ARM.Collect$$rtentry$$00000004  c_w.l(rtentry4.o)
    0x08000186   0x00000000   Code   RO          584    .ARM.Collect$$rtentry$$00000009  c_w.l(rtentry2.o)
    0x08000186   0x00000004   Code   RO          585    .ARM.Collect$$rtentry$$0000000A  c_w.l(rtentry2.o)
    0x0800018a   0x00000000   Code   RO          587    .ARM.Collect$$rtentry$$0000000C  c_w.l(rtentry2.o)
    0x0800018a   0x00000008   Code   RO          588    .ARM.Collect$$rtentry$$0000000D  c_w.l(rtentry2.o)
    0x08000192   0x00000002   Code   RO          650    .ARM.Collect$$rtexit$$00000000  c_w.l(rtexit.o)
    0x08000194   0x00000000   Code   RO          678    .ARM.Collect$$rtexit$$00000002  c_w.l(rtexit2.o)
    0x08000194   0x00000004   Code   RO          679    .ARM.Collect$$rtexit$$00000003  c_w.l(rtexit2.o)
    0x08000198   0x00000006   Code   RO          680    .ARM.Collect$$rtexit$$00000004  c_w.l(rtexit2.o)
    0x0800019e   0x00000002   PAD
    0x080001a0   0x00000000   Code   RO          598    .emb_text           c_w.l(maybetermalloc1.o)
    0x080001a0   0x00000040   Code   RO           20    .text               startup_stm32f10x_md.o
    0x080001e0   0x000000dc   Code   RO           24    .text               misc.o
    0x080002bc   0x0000035c   Code   RO          119    .text               stm32f10x_gpio.o
    0x08000618   0x000003a4   Code   RO          138    .text               stm32f10x_rcc.o
    0x080009bc   0x00000408   Code   RO          155    .text               stm32f10x_usart.o
    0x08000dc4   0x0000011c   Code   RO          167    .text               stm32f10x_exti.o
    0x08000ee0   0x00000254   Code   RO          179    .text               stm32f10x_dma.o
    0x08001134   0x000003b8   Code   RO          191    .text               main.o
    0x080014ec   0x000000f4   Code   RO          281    .text               stm32f10x_it.o
    0x080015e0   0x000001e0   Code   RO          300    .text               system_stm32f10x.o
    0x080017c0   0x00000038   Code   RO          318    .text               redirect_fput.o
    0x080017f8   0x00000186   Code   RO          349    .text               fifo.o
    0x0800197e   0x00000002   PAD
    0x08001980   0x0000004c   Code   RO          361    .text               function.o
    0x080019cc   0x0000005e   Code   RO          380    .text               c_w.l(h1_alloc.o)
    0x08001a2a   0x0000004e   Code   RO          382    .text               c_w.l(h1_free.o)
    0x08001a78   0x00000018   Code   RO          440    .text               c_w.l(noretval__2printf.o)
    0x08001a90   0x00000068   Code   RO          442    .text               c_w.l(__printf.o)
    0x08001af8   0x00000074   Code   RO          444    .text               c_w.l(_printf_dec.o)
    0x08001b6c   0x00000058   Code   RO          449    .text               c_w.l(_printf_hex_int.o)
    0x08001bc4   0x0000008a   Code   RO          490    .text               c_w.l(rt_memcpy_v6.o)
    0x08001c4e   0x00000006   Code   RO          492    .text               c_w.l(heapauxi.o)
    0x08001c54   0x00000008   Code   RO          502    .text               c_w.l(rt_heap_descriptor_intlibspace.o)
    0x08001c5c   0x00000004   Code   RO          504    .text               c_w.l(hguard.o)
    0x08001c60   0x0000008a   Code   RO          506    .text               c_w.l(init_alloc.o)
    0x08001cea   0x0000000e   Code   RO          510    .text               c_w.l(h1_init.o)
    0x08001cf8   0x000000b2   Code   RO          524    .text               c_w.l(_printf_intcommon.o)
    0x08001daa   0x00000002   PAD
    0x08001dac   0x00000024   Code   RO          526    .text               c_w.l(_printf_char_file.o)
    0x08001dd0   0x00000064   Code   RO          529    .text               c_w.l(rt_memcpy_w.o)
    0x08001e34   0x00000008   Code   RO          578    .text               c_w.l(libspace.o)
    0x08001e3c   0x00000034   Code   RO          600    .text               c_w.l(h1_extend.o)
    0x08001e70   0x00000030   Code   RO          604    .text               c_w.l(_printf_char_common.o)
    0x08001ea0   0x00000008   Code   RO          606    .text               c_w.l(ferror.o)
    0x08001ea8   0x0000000e   Code   RO          610    .text               c_w.l(defsig_rtmem_outer.o)
    0x08001eb6   0x00000002   Code   RO          621    .text               c_w.l(use_no_semi.o)
    0x08001eb8   0x00000000   Code   RO          623    .text               c_w.l(indicate_semi.o)
    0x08001eb8   0x0000004a   Code   RO          624    .text               c_w.l(sys_stackheap_outer.o)
    0x08001f02   0x0000000c   Code   RO          632    .text               c_w.l(exit.o)
    0x08001f0e   0x0000000a   Code   RO          634    .text               c_w.l(defsig_exit.o)
    0x08001f18   0x00000050   Code   RO          636    .text               c_w.l(defsig_rtmem_inner.o)
    0x08001f68   0x0000000c   Code   RO          648    .text               c_w.l(sys_exit.o)
    0x08001f74   0x00000032   Code   RO          658    .text               c_w.l(defsig_general.o)
    0x08001fa6   0x0000000e   Code   RO          675    .text               c_w.l(sys_wrch.o)
    0x08001fb4   0x00000028   Data   RO          450    .constdata          c_w.l(_printf_hex_int.o)
    0x08001fdc   0x00000020   Data   RO          705    Region$$Table       anon$$obj.o


    Execution Region RW_IRAM1 (Base: 0x20000000, Size: 0x00001ff8, Max: 0x00005000, ABSOLUTE)

    Base Addr    Size         Type   Attr      Idx    E Section Name        Object

    0x20000000   0x00000014   Data   RW          139    .data               stm32f10x_rcc.o
    0x20000014   0x00000029   Data   RW          193    .data               main.o
    0x2000003d   0x00000003   PAD
    0x20000040   0x00000014   Data   RW          301    .data               system_stm32f10x.o
    0x20000054   0x00000004   Data   RW          319    .data               redirect_fput.o
    0x20000058   0x0000193c   Zero   RW          192    .bss                main.o
    0x20001994   0x00000060   Zero   RW          579    .bss                c_w.l(libspace.o)
    0x200019f4   0x00000004   PAD
    0x200019f8   0x00000200   Zero   RW           18    HEAP                startup_stm32f10x_md.o
    0x20001bf8   0x00000400   Zero   RW           17    STACK               startup_stm32f10x_md.o


==============================================================================

Image component sizes


      Code (inc. data)   RO Data    RW Data    ZI Data      Debug   Object Name

         0          0          0          0          0       4304   core_cm3.o
       390          0          0          0          0       2889   fifo.o
        76          8          0          0          0       1204   function.o
       952        136          0         41       6460      48682   main.o
       220         22          0          0          0     241101   misc.o
        56          6          0          4          0       2552   redirect_fput.o
        64         26        236          0       1536        908   startup_stm32f10x_md.o
       596          8          0          0          0       4434   stm32f10x_dma.o
       284         10          0          0          0       2335   stm32f10x_exti.o
       860         38          0          0          0       5777   stm32f10x_gpio.o
       244         70          0          0          0       1909   stm32f10x_it.o
       932         36          0         20          0       9016   stm32f10x_rcc.o
      1032         22          0          0          0       8472   stm32f10x_usart.o
       480         38          0         20          0       1835   system_stm32f10x.o

    ----------------------------------------------------------------------
      6188        420        268         88       7996     335418   Object Totals
         0          0         32          0          0          0   (incl. Generated)
         2          0          0          3          0          0   (incl. Padding)

    ----------------------------------------------------------------------

      Code (inc. data)   RO Data    RW Data    ZI Data      Debug   Library Member Name

         8          0          0          0          0         68   __main.o
       104          0          0          0          0         84   __printf.o
        52          8          0          0          0          0   __scatter.o
        26          0          0          0          0          0   __scatter_copy.o
        28          0          0          0          0          0   __scatter_zi.o
        48          6          0          0          0         96   _printf_char_common.o
        36          4          0          0          0         80   _printf_char_file.o
         6          0          0          0          0          0   _printf_d.o
       116         16          0          0          0         92   _printf_dec.o
        88          4         40          0          0         88   _printf_hex_int.o
       178          0          0          0          0         88   _printf_intcommon.o
         0          0          0          0          0          0   _printf_percent.o
         4          0          0          0          0          0   _printf_percent_end.o
         6          0          0          0          0          0   _printf_x.o
        10          0          0          0          0         68   defsig_exit.o
        50          0          0          0          0         88   defsig_general.o
        80         58          0          0          0         76   defsig_rtmem_inner.o
        14          0          0          0          0         80   defsig_rtmem_outer.o
        12          0          0          0          0         72   exit.o
         8          0          0          0          0         68   ferror.o
        94          0          0          0          0         80   h1_alloc.o
        52          0          0          0          0         68   h1_extend.o
        78          0          0          0          0         80   h1_free.o
        14          0          0          0          0         84   h1_init.o
         6          0          0          0          0        152   heapauxi.o
         4          0          0          0          0        136   hguard.o
         0          0          0          0          0          0   indicate_semi.o
       138          0          0          0          0        168   init_alloc.o
         2          0          0          0          0          0   libinit.o
        10          0          0          0          0          0   libinit2.o
         2          0          0          0          0          0   libshutdown.o
         2          0          0          0          0          0   libshutdown2.o
         8          4          0          0         96         68   libspace.o
         0          0          0          0          0          0   maybetermalloc1.o
        24          4          0          0          0         84   noretval__2printf.o
         8          4          0          0          0         68   rt_heap_descriptor_intlibspace.o
       138          0          0          0          0         68   rt_memcpy_v6.o
       100          0          0          0          0         80   rt_memcpy_w.o
         0          0          0          0          0          0   rtentry.o
        12          0          0          0          0          0   rtentry2.o
         6          0          0          0          0          0   rtentry4.o
         2          0          0          0          0          0   rtexit.o
        10          0          0          0          0          0   rtexit2.o
        12          4          0          0          0         68   sys_exit.o
        74          0          0          0          0         80   sys_stackheap_outer.o
        14          0          0          0          0         76   sys_wrch.o
         2          0          0          0          0         68   use_no_semi.o

    ----------------------------------------------------------------------
      1692        112         40          0        100       2476   Library Totals
         6          0          0          0          4          0   (incl. Padding)

    ----------------------------------------------------------------------

      Code (inc. data)   RO Data    RW Data    ZI Data      Debug   Library Name

      1686        112         40          0         96       2476   c_w.l

    ----------------------------------------------------------------------
      1692        112         40          0        100       2476   Library Totals

    ----------------------------------------------------------------------

==============================================================================


      Code (inc. data)   RO Data    RW Data    ZI Data      Debug   

      7880        532        308         88       8096     335290   Grand Totals
      7880        532        308         88       8096     335290   ELF Image Totals
      7880        532        308         88          0          0   ROM Totals

==============================================================================

    Total RO  Size (Code + RO Data)                 8188 (   8.00kB)
    Total RW  Size (RW Data + ZI Data)              8184 (   7.99kB)
    Total ROM Size (Code + RO Data + RW Data)       8276 (   8.08kB)

==============================================================================

