<html>
<body>
<pre>
<h1>µVision Build Log</h1>
<h2>Project:</h2>
C:\Users\thien\Desktop\STM32F103C8T6-Tutorial\USART-DMA\Project\Keil\USART-DMA.uvproj
Project File Date:  10/19/2019

<h2>Output:</h2>
Build target 'USART-DMA'
compiling main.c...
compiling stm32f10x_exti.c...
linking...
.\USART-DMA.axf: Warning: L6304W: Duplicate input file .\stm32f10x_exti.o ignored.
Program Size: Code=7880 RO-data=308 RW-data=88 ZI-data=8096  
Finished: 0 information, 1 warning and 0 error messages.
FromELF: creating hex file...
".\USART-DMA.axf" - 0 Error(s), 1 Warning(s).
Load "C:\\Users\\thien\\Desktop\\STM32F103C8T6-Tutorial\\USART-DMA\\Project\\Keil\\USART-DMA.axf" 
Erase Done.
Programming Done.
Application running ...
</pre>
</body>
</html>
.
