<html>
<body>
<pre>
<h1>µVision Build Log</h1>
<h2>Project:</h2>
C:\Users\thien\Dropbox\Pursuing_a_Master'sDegree\STM32F103C8\STM32F103C8\Getting_Started\Project\Keil\Getting_Started.uvproj
Project File Date:  10/08/2019

<h2>Output:</h2>
Build target 'Getting_Started'
compiling stm32f10x_gpio.c...
compiling main.c...
..\main.c(63): warning:  #223-D: function "delay" declared implicitly
                        delay(1000);
..\main.c: 1 warning, 0 errors
compiling debug.c...
linking...
Program Size: Code=4754 RO-data=402 RW-data=48 ZI-data=1648  
FromELF: creating hex file...
".\Getting_Started.axf" - 0 Error(s), 1 Warning(s).
Load "C:\\Users\\thien\\Dropbox\\Pursuing_a_Master'sDegree\\STM32F103C8\\STM32F103C8\\Getting_Started\\Project\\Keil\\Getting_Started.axf" 
Erase Done.
Programming Done.
Application running ...
Started.axf" - 3 Error(s), 1 Warning(s).
Target not created
ase Done.
Programming Done.
Application running ...
one.
Application running ...
 errors
".\Getting_Started.axf" - 2 Error(s), 1 Warning(s).
Target not created
