<html>
<body>
<pre>
<h1>µVision Build Log</h1>
<h2>Project:</h2>
C:\Users\thien\Desktop\STM32F103C8T6-Tutorial\GPIO\Project\Keil\GPIO.uvproj
Project File Date:  10/09/2019

<h2>Output:</h2>
Build target 'GPIO'
compiling main.c...
..\main.c(88): warning:  #223-D: function "delay" declared implicitly
                        delay(150);
..\main.c: 1 warning, 0 errors
linking...
Program Size: Code=4862 RO-data=386 RW-data=48 ZI-data=1648  
FromELF: creating hex file...
".\GPIO.axf" - 0 Error(s), 1 Warning(s).
Load "C:\\Users\\thien\\Desktop\\STM32F103C8T6-Tutorial\\GPIO\\Project\\Keil\\GPIO.axf" 
Erase Done.
Programming Done.
Application running ...
ne.
Application running ...
\Desktop\\STM32F103C8T6-Tutorial\\GPIO\\Project\\Keil\\GPIO.axf" 
Erase Done.
Programming Done.
Application running ...
Load "C:\\Users\\thien\\Desktop\\STM32F103C8T6-Tutorial\\GPIO\\Project\\Keil\\GPIO.axf" 
Erase Done.
Programming Done.
Application running ...
C:\\Users\\thien\\Desktop\\STM32F103C8T6-Tutorial\\GPIO\\Project\\Keil\\GPIO.axf" 
Erase Done.
Programming Done.
Application running ...
