<html>
<body>
<pre>
<h1>µVision Build Log</h1>
<h2>Project:</h2>
C:\Users\thien\Desktop\STM32F103C8T6-Tutorial\GPIO\Project\Keil\GPIO.uvproj
Project File Date:  10/14/2019

<h2>Output:</h2>
Build target 'GPIO'
compiling main.c...
compiling stm32f10x_it.c...
..\stm32f10x_it.c(48): warning:  #223-D: function "printf" declared implicitly
        printf("Interrupt happened \n\r");
..\stm32f10x_it.c: 1 warning, 0 errors
linking...
Program Size: Code=5378 RO-data=386 RW-data=60 ZI-data=1652  
FromELF: creating hex file...
".\GPIO.axf" - 0 Error(s), 1 Warning(s).
Load "C:\\Users\\thien\\Desktop\\STM32F103C8T6-Tutorial\\GPIO\\Project\\Keil\\GPIO.axf" 
Erase Done.
Programming Done.
Application running ...
ram Size: Code=4918 RO-data=402 RW-data=56 ZI-data=1648  
FromELF: creating hex file...
".\GPIO.axf" - 0 Error(s), 1 Warning(s).
Load "C:\\Users\\thien\\Desktop\\STM32F103C8T6-Tutorial\\GPIO\\Project\\Keil\\GPIO.axf" 
Erase Done.
Programming Done.
Application running ...
