<html>
<body>
<pre>
<h1>µVision Build Log</h1>
<h2>Project:</h2>
C:\Users\thien\Desktop\STM32F103C8T6-Tutorial\SPI\Project\Keil\SPI.uvproj
Project File Date:  10/22/2019

<h2>Output:</h2>
Build target 'SPI'
compiling main.c...
compiling stm32f10x_exti.c...
linking...
.\SPI.axf: Warning: L6304W: Duplicate input file .\stm32f10x_exti.o ignored.
Program Size: Code=8260 RO-data=308 RW-data=116 ZI-data=1740  
Finished: 0 information, 1 warning and 0 error messages.
FromELF: creating hex file...
".\SPI.axf" - 0 Error(s), 1 Warning(s).
Load "C:\\Users\\thien\\Desktop\\STM32F103C8T6-Tutorial\\SPI\\Project\\Keil\\SPI.axf" 
Erase Done.
Programming Done.
Application running ...
Load "C:\\Users\\thien\\Desktop\\STM32F103C8T6-Tutorial\\SPI\\Project\\Keil\\SPI.axf" 
Erase Done.
Programming Done.
Application running ...
Load "C:\\Users\\thien\\Desktop\\STM32F103C8T6-Tutorial\\SPI\\Project\\Keil\\SPI.axf" 
Erase Done.
Programming Done.
Application running ...
one.
Application running ...
i.o ignored.
Program Size: Code=7868 RO-data=308 RW-data=104 ZI-data=1696  
Finished: 0 information, 1 warning and 0 error messages.
FromELF: creating hex file...
".\SPI.axf" - 0 Error(s), 3 Warning(s).
Load "C:\\Users\\thien\\Desktop\\STM32F103C8T6-Tutorial\\SPI\\Project\\Keil\\SPI.axf" 
Erase Done.
Programming Done.
Application running ...
Load "C:\\Users\\thien\\Desktop\\STM32F103C8T6-Tutorial\\SPI\\Project\\Keil\\SPI.axf" 
Erase Done.
Programming Done.
Application running ...
